The target system is: Android - 1 - x86_64
The host system is: Linux - 6.2.0-39-generic - x86_64
Compiling the C compiler identification source file "CMakeCCompilerId.c" succeeded.
Compiler: /home/chaolee/Android/Sdk/ndk/22.1.7171670/toolchains/llvm/prebuilt/linux-x86_64/bin/clang 
Build flags: -g;-DANDROID;-fdata-sections;-ffunction-sections;-funwind-tables;-fstack-protector-strong;-no-canonical-prefixes;-D_FORTIFY_SOURCE=2;-Wformat;-Werror=format-security;
Id flags: -c;--target=x86_64-none-linux-android21 

The output was:
0


Compilation of the C compiler identification source "CMakeCCompilerId.c" produced "CMakeCCompilerId.o"

The C compiler identification is Clang, found in "/home/chaolee/AndroidStudioProjects/KaraokePlayer/extensions/ffmpeg/.cxx/Debug/2f5t6z6c/x86_64/CMakeFiles/3.22.1-g37088a8/CompilerIdC/CMakeCCompilerId.o"

Compiling the CXX compiler identification source file "CMakeCXXCompilerId.cpp" succeeded.
Compiler: /home/chaolee/Android/Sdk/ndk/22.1.7171670/toolchains/llvm/prebuilt/linux-x86_64/bin/clang++ 
Build flags: -g;-DANDROID;-fdata-sections;-ffunction-sections;-funwind-tables;-fstack-protector-strong;-no-canonical-prefixes;-D_FORTIFY_SOURCE=2;-Wformat;-Werror=format-security;;
Id flags: -c;--target=x86_64-none-linux-android21 

The output was:
0


Compilation of the CXX compiler identification source "CMakeCXXCompilerId.cpp" produced "CMakeCXXCompilerId.o"

The CXX compiler identification is Clang, found in "/home/chaolee/AndroidStudioProjects/KaraokePlayer/extensions/ffmpeg/.cxx/Debug/2f5t6z6c/x86_64/CMakeFiles/3.22.1-g37088a8/CompilerIdCXX/CMakeCXXCompilerId.o"

Detecting C compiler ABI info compiled with the following output:
Change Dir: /home/chaolee/AndroidStudioProjects/KaraokePlayer/extensions/ffmpeg/.cxx/Debug/2f5t6z6c/x86_64/CMakeFiles/CMakeTmp

Run Build Command(s):/home/chaolee/Android/Sdk/cmake/3.22.1/bin/ninja cmTC_49c99 && [1/2] Building C object CMakeFiles/cmTC_49c99.dir/CMakeCCompilerABI.c.o
Android (7155654, based on r399163b1) clang version 11.0.5 (https://android.googlesource.com/toolchain/llvm-project 87f1315dfbea7c137aa2e6d362dbb457e388158d)
Target: x86_64-none-linux-android21
Thread model: posix
InstalledDir: /home/chaolee/Android/Sdk/ndk/22.1.7171670/toolchains/llvm/prebuilt/linux-x86_64/bin
Found candidate GCC installation: /home/chaolee/Android/Sdk/ndk/22.1.7171670/toolchains/llvm/prebuilt/linux-x86_64/lib/gcc/i686-linux-android/4.9.x
Found candidate GCC installation: /home/chaolee/Android/Sdk/ndk/22.1.7171670/toolchains/llvm/prebuilt/linux-x86_64/lib/gcc/x86_64-linux-android/4.9.x
Selected GCC installation: /home/chaolee/Android/Sdk/ndk/22.1.7171670/toolchains/llvm/prebuilt/linux-x86_64/lib/gcc/x86_64-linux-android/4.9.x
Candidate multilib: .;@m64
Selected multilib: .;@m64
 (in-process)
 "/home/chaolee/Android/Sdk/ndk/22.1.7171670/toolchains/llvm/prebuilt/linux-x86_64/bin/clang" -cc1 -triple x86_64-none-linux-android21 -emit-obj -mrelax-all -mnoexecstack -disable-free -disable-llvm-verifier -discard-value-names -main-file-name CMakeCCompilerABI.c -mrelocation-model pic -pic-level 2 -pic-is-pie -mframe-pointer=all -fno-rounding-math -mconstructor-aliases -munwind-tables -target-cpu x86-64 -target-feature +sse4.2 -target-feature +popcnt -target-feature +cx16 -fno-split-dwarf-inlining -debug-info-kind=limited -dwarf-version=4 -debugger-tuning=gdb -v -ffunction-sections -fdata-sections -resource-dir /home/chaolee/Android/Sdk/ndk/22.1.7171670/toolchains/llvm/prebuilt/linux-x86_64/lib64/clang/11.0.5 -dependency-file CMakeFiles/cmTC_49c99.dir/CMakeCCompilerABI.c.o.d -MT CMakeFiles/cmTC_49c99.dir/CMakeCCompilerABI.c.o -sys-header-deps -D ANDROID -D _FORTIFY_SOURCE=2 -isysroot /home/chaolee/Android/Sdk/ndk/22.1.7171670/toolchains/llvm/prebuilt/linux-x86_64/sysroot -internal-isystem /home/chaolee/Android/Sdk/ndk/22.1.7171670/toolchains/llvm/prebuilt/linux-x86_64/sysroot/usr/local/include -internal-isystem /home/chaolee/Android/Sdk/ndk/22.1.7171670/toolchains/llvm/prebuilt/linux-x86_64/lib64/clang/11.0.5/include -internal-externc-isystem /home/chaolee/Android/Sdk/ndk/22.1.7171670/toolchains/llvm/prebuilt/linux-x86_64/sysroot/usr/include/x86_64-linux-android -internal-externc-isystem /home/chaolee/Android/Sdk/ndk/22.1.7171670/toolchains/llvm/prebuilt/linux-x86_64/sysroot/include -internal-externc-isystem /home/chaolee/Android/Sdk/ndk/22.1.7171670/toolchains/llvm/prebuilt/linux-x86_64/sysroot/usr/include -Wformat -fdebug-compilation-dir /home/chaolee/AndroidStudioProjects/KaraokePlayer/extensions/ffmpeg/.cxx/Debug/2f5t6z6c/x86_64/CMakeFiles/CMakeTmp -ferror-limit 19 -stack-protector 2 -fgnuc-version=4.2.1 -o CMakeFiles/cmTC_49c99.dir/CMakeCCompilerABI.c.o -x c /home/chaolee/Android/Sdk/cmake/3.22.1/share/cmake-3.22/Modules/CMakeCCompilerABI.c
clang -cc1 version 11.0.5 based upon LLVM 11.0.5git default target x86_64-unknown-linux-gnu
ignoring nonexistent directory "/home/chaolee/Android/Sdk/ndk/22.1.7171670/toolchains/llvm/prebuilt/linux-x86_64/sysroot/include"
#include "..." search starts here:
#include <...> search starts here:
 /home/chaolee/Android/Sdk/ndk/22.1.7171670/toolchains/llvm/prebuilt/linux-x86_64/sysroot/usr/local/include
 /home/chaolee/Android/Sdk/ndk/22.1.7171670/toolchains/llvm/prebuilt/linux-x86_64/lib64/clang/11.0.5/include
 /home/chaolee/Android/Sdk/ndk/22.1.7171670/toolchains/llvm/prebuilt/linux-x86_64/sysroot/usr/include/x86_64-linux-android
 /home/chaolee/Android/Sdk/ndk/22.1.7171670/toolchains/llvm/prebuilt/linux-x86_64/sysroot/usr/include
End of search list.
[2/2] Linking C executable cmTC_49c99
Android (7155654, based on r399163b1) clang version 11.0.5 (https://android.googlesource.com/toolchain/llvm-project 87f1315dfbea7c137aa2e6d362dbb457e388158d)
Target: x86_64-none-linux-android21
Thread model: posix
InstalledDir: /home/chaolee/Android/Sdk/ndk/22.1.7171670/toolchains/llvm/prebuilt/linux-x86_64/bin
Found candidate GCC installation: /home/chaolee/Android/Sdk/ndk/22.1.7171670/toolchains/llvm/prebuilt/linux-x86_64/lib/gcc/i686-linux-android/4.9.x
Found candidate GCC installation: /home/chaolee/Android/Sdk/ndk/22.1.7171670/toolchains/llvm/prebuilt/linux-x86_64/lib/gcc/x86_64-linux-android/4.9.x
Selected GCC installation: /home/chaolee/Android/Sdk/ndk/22.1.7171670/toolchains/llvm/prebuilt/linux-x86_64/lib/gcc/x86_64-linux-android/4.9.x
Candidate multilib: .;@m64
Selected multilib: .;@m64
 "/home/chaolee/Android/Sdk/ndk/22.1.7171670/toolchains/llvm/prebuilt/linux-x86_64/bin/ld" --sysroot=/home/chaolee/Android/Sdk/ndk/22.1.7171670/toolchains/llvm/prebuilt/linux-x86_64/sysroot -pie -z noexecstack --warn-shared-textrel -z now -z relro --hash-style=both --enable-new-dtags --eh-frame-hdr -m elf_x86_64 -dynamic-linker /system/bin/linker64 -o cmTC_49c99 /home/chaolee/Android/Sdk/ndk/22.1.7171670/toolchains/llvm/prebuilt/linux-x86_64/sysroot/usr/lib/x86_64-linux-android/21/crtbegin_dynamic.o -L/home/chaolee/Android/Sdk/ndk/22.1.7171670/toolchains/llvm/prebuilt/linux-x86_64/lib64/clang/11.0.5/lib/linux/x86_64 -L/home/chaolee/Android/Sdk/ndk/22.1.7171670/toolchains/llvm/prebuilt/linux-x86_64/lib/gcc/x86_64-linux-android/4.9.x -L/home/chaolee/Android/Sdk/ndk/22.1.7171670/toolchains/llvm/prebuilt/linux-x86_64/lib/gcc/x86_64-linux-android/4.9.x/../../../../x86_64-linux-android/lib/../lib64 -L/home/chaolee/Android/Sdk/ndk/22.1.7171670/toolchains/llvm/prebuilt/linux-x86_64/sysroot/usr/lib/x86_64-linux-android/21 -L/home/chaolee/Android/Sdk/ndk/22.1.7171670/toolchains/llvm/prebuilt/linux-x86_64/sysroot/usr/lib/x86_64-linux-android -L/home/chaolee/Android/Sdk/ndk/22.1.7171670/toolchains/llvm/prebuilt/linux-x86_64/lib/gcc/x86_64-linux-android/4.9.x/../../../../x86_64-linux-android/lib -L/home/chaolee/Android/Sdk/ndk/22.1.7171670/toolchains/llvm/prebuilt/linux-x86_64/sysroot/usr/lib --exclude-libs libgcc.a --exclude-libs libgcc_real.a --exclude-libs libatomic.a --build-id=sha1 --no-rosegment --fatal-warnings --no-undefined --gc-sections CMakeFiles/cmTC_49c99.dir/CMakeCCompilerABI.c.o -lgcc -ldl -lc -lgcc -ldl /home/chaolee/Android/Sdk/ndk/22.1.7171670/toolchains/llvm/prebuilt/linux-x86_64/sysroot/usr/lib/x86_64-linux-android/21/crtend_android.o



Parsed C implicit include dir info from above output: rv=done
  found start of include info
  found start of implicit include info
    add: [/home/chaolee/Android/Sdk/ndk/22.1.7171670/toolchains/llvm/prebuilt/linux-x86_64/sysroot/usr/local/include]
    add: [/home/chaolee/Android/Sdk/ndk/22.1.7171670/toolchains/llvm/prebuilt/linux-x86_64/lib64/clang/11.0.5/include]
    add: [/home/chaolee/Android/Sdk/ndk/22.1.7171670/toolchains/llvm/prebuilt/linux-x86_64/sysroot/usr/include/x86_64-linux-android]
    add: [/home/chaolee/Android/Sdk/ndk/22.1.7171670/toolchains/llvm/prebuilt/linux-x86_64/sysroot/usr/include]
  end of search list found
  collapse include dir [/home/chaolee/Android/Sdk/ndk/22.1.7171670/toolchains/llvm/prebuilt/linux-x86_64/sysroot/usr/local/include] ==> [/home/chaolee/Android/Sdk/ndk/22.1.7171670/toolchains/llvm/prebuilt/linux-x86_64/sysroot/usr/local/include]
  collapse include dir [/home/chaolee/Android/Sdk/ndk/22.1.7171670/toolchains/llvm/prebuilt/linux-x86_64/lib64/clang/11.0.5/include] ==> [/home/chaolee/Android/Sdk/ndk/22.1.7171670/toolchains/llvm/prebuilt/linux-x86_64/lib64/clang/11.0.5/include]
  collapse include dir [/home/chaolee/Android/Sdk/ndk/22.1.7171670/toolchains/llvm/prebuilt/linux-x86_64/sysroot/usr/include/x86_64-linux-android] ==> [/home/chaolee/Android/Sdk/ndk/22.1.7171670/toolchains/llvm/prebuilt/linux-x86_64/sysroot/usr/include/x86_64-linux-android]
  collapse include dir [/home/chaolee/Android/Sdk/ndk/22.1.7171670/toolchains/llvm/prebuilt/linux-x86_64/sysroot/usr/include] ==> [/home/chaolee/Android/Sdk/ndk/22.1.7171670/toolchains/llvm/prebuilt/linux-x86_64/sysroot/usr/include]
  implicit include dirs: [/home/chaolee/Android/Sdk/ndk/22.1.7171670/toolchains/llvm/prebuilt/linux-x86_64/sysroot/usr/local/include;/home/chaolee/Android/Sdk/ndk/22.1.7171670/toolchains/llvm/prebuilt/linux-x86_64/lib64/clang/11.0.5/include;/home/chaolee/Android/Sdk/ndk/22.1.7171670/toolchains/llvm/prebuilt/linux-x86_64/sysroot/usr/include/x86_64-linux-android;/home/chaolee/Android/Sdk/ndk/22.1.7171670/toolchains/llvm/prebuilt/linux-x86_64/sysroot/usr/include]


Parsed C implicit link information from above output:
  link line regex: [^( *|.*[/\])(ld\.lld|CMAKE_LINK_STARTFILE-NOTFOUND|([^/\]+-)?ld|collect2)[^/\]*( |$)]
  ignore line: [Change Dir: /home/chaolee/AndroidStudioProjects/KaraokePlayer/extensions/ffmpeg/.cxx/Debug/2f5t6z6c/x86_64/CMakeFiles/CMakeTmp]
  ignore line: []
  ignore line: [Run Build Command(s):/home/chaolee/Android/Sdk/cmake/3.22.1/bin/ninja cmTC_49c99 && [1/2] Building C object CMakeFiles/cmTC_49c99.dir/CMakeCCompilerABI.c.o]
  ignore line: [Android (7155654  based on r399163b1) clang version 11.0.5 (https://android.googlesource.com/toolchain/llvm-project 87f1315dfbea7c137aa2e6d362dbb457e388158d)]
  ignore line: [Target: x86_64-none-linux-android21]
  ignore line: [Thread model: posix]
  ignore line: [InstalledDir: /home/chaolee/Android/Sdk/ndk/22.1.7171670/toolchains/llvm/prebuilt/linux-x86_64/bin]
  ignore line: [Found candidate GCC installation: /home/chaolee/Android/Sdk/ndk/22.1.7171670/toolchains/llvm/prebuilt/linux-x86_64/lib/gcc/i686-linux-android/4.9.x]
  ignore line: [Found candidate GCC installation: /home/chaolee/Android/Sdk/ndk/22.1.7171670/toolchains/llvm/prebuilt/linux-x86_64/lib/gcc/x86_64-linux-android/4.9.x]
  ignore line: [Selected GCC installation: /home/chaolee/Android/Sdk/ndk/22.1.7171670/toolchains/llvm/prebuilt/linux-x86_64/lib/gcc/x86_64-linux-android/4.9.x]
  ignore line: [Candidate multilib: .]
  ignore line: [@m64]
  ignore line: [Selected multilib: .]
  ignore line: [@m64]
  ignore line: [ (in-process)]
  ignore line: [ "/home/chaolee/Android/Sdk/ndk/22.1.7171670/toolchains/llvm/prebuilt/linux-x86_64/bin/clang" -cc1 -triple x86_64-none-linux-android21 -emit-obj -mrelax-all -mnoexecstack -disable-free -disable-llvm-verifier -discard-value-names -main-file-name CMakeCCompilerABI.c -mrelocation-model pic -pic-level 2 -pic-is-pie -mframe-pointer=all -fno-rounding-math -mconstructor-aliases -munwind-tables -target-cpu x86-64 -target-feature +sse4.2 -target-feature +popcnt -target-feature +cx16 -fno-split-dwarf-inlining -debug-info-kind=limited -dwarf-version=4 -debugger-tuning=gdb -v -ffunction-sections -fdata-sections -resource-dir /home/chaolee/Android/Sdk/ndk/22.1.7171670/toolchains/llvm/prebuilt/linux-x86_64/lib64/clang/11.0.5 -dependency-file CMakeFiles/cmTC_49c99.dir/CMakeCCompilerABI.c.o.d -MT CMakeFiles/cmTC_49c99.dir/CMakeCCompilerABI.c.o -sys-header-deps -D ANDROID -D _FORTIFY_SOURCE=2 -isysroot /home/chaolee/Android/Sdk/ndk/22.1.7171670/toolchains/llvm/prebuilt/linux-x86_64/sysroot -internal-isystem /home/chaolee/Android/Sdk/ndk/22.1.7171670/toolchains/llvm/prebuilt/linux-x86_64/sysroot/usr/local/include -internal-isystem /home/chaolee/Android/Sdk/ndk/22.1.7171670/toolchains/llvm/prebuilt/linux-x86_64/lib64/clang/11.0.5/include -internal-externc-isystem /home/chaolee/Android/Sdk/ndk/22.1.7171670/toolchains/llvm/prebuilt/linux-x86_64/sysroot/usr/include/x86_64-linux-android -internal-externc-isystem /home/chaolee/Android/Sdk/ndk/22.1.7171670/toolchains/llvm/prebuilt/linux-x86_64/sysroot/include -internal-externc-isystem /home/chaolee/Android/Sdk/ndk/22.1.7171670/toolchains/llvm/prebuilt/linux-x86_64/sysroot/usr/include -Wformat -fdebug-compilation-dir /home/chaolee/AndroidStudioProjects/KaraokePlayer/extensions/ffmpeg/.cxx/Debug/2f5t6z6c/x86_64/CMakeFiles/CMakeTmp -ferror-limit 19 -stack-protector 2 -fgnuc-version=4.2.1 -o CMakeFiles/cmTC_49c99.dir/CMakeCCompilerABI.c.o -x c /home/chaolee/Android/Sdk/cmake/3.22.1/share/cmake-3.22/Modules/CMakeCCompilerABI.c]
  ignore line: [clang -cc1 version 11.0.5 based upon LLVM 11.0.5git default target x86_64-unknown-linux-gnu]
  ignore line: [ignoring nonexistent directory "/home/chaolee/Android/Sdk/ndk/22.1.7171670/toolchains/llvm/prebuilt/linux-x86_64/sysroot/include"]
  ignore line: [#include "..." search starts here:]
  ignore line: [#include <...> search starts here:]
  ignore line: [ /home/chaolee/Android/Sdk/ndk/22.1.7171670/toolchains/llvm/prebuilt/linux-x86_64/sysroot/usr/local/include]
  ignore line: [ /home/chaolee/Android/Sdk/ndk/22.1.7171670/toolchains/llvm/prebuilt/linux-x86_64/lib64/clang/11.0.5/include]
  ignore line: [ /home/chaolee/Android/Sdk/ndk/22.1.7171670/toolchains/llvm/prebuilt/linux-x86_64/sysroot/usr/include/x86_64-linux-android]
  ignore line: [ /home/chaolee/Android/Sdk/ndk/22.1.7171670/toolchains/llvm/prebuilt/linux-x86_64/sysroot/usr/include]
  ignore line: [End of search list.]
  ignore line: [[2/2] Linking C executable cmTC_49c99]
  ignore line: [Android (7155654  based on r399163b1) clang version 11.0.5 (https://android.googlesource.com/toolchain/llvm-project 87f1315dfbea7c137aa2e6d362dbb457e388158d)]
  ignore line: [Target: x86_64-none-linux-android21]
  ignore line: [Thread model: posix]
  ignore line: [InstalledDir: /home/chaolee/Android/Sdk/ndk/22.1.7171670/toolchains/llvm/prebuilt/linux-x86_64/bin]
  ignore line: [Found candidate GCC installation: /home/chaolee/Android/Sdk/ndk/22.1.7171670/toolchains/llvm/prebuilt/linux-x86_64/lib/gcc/i686-linux-android/4.9.x]
  ignore line: [Found candidate GCC installation: /home/chaolee/Android/Sdk/ndk/22.1.7171670/toolchains/llvm/prebuilt/linux-x86_64/lib/gcc/x86_64-linux-android/4.9.x]
  ignore line: [Selected GCC installation: /home/chaolee/Android/Sdk/ndk/22.1.7171670/toolchains/llvm/prebuilt/linux-x86_64/lib/gcc/x86_64-linux-android/4.9.x]
  ignore line: [Candidate multilib: .]
  ignore line: [@m64]
  ignore line: [Selected multilib: .]
  ignore line: [@m64]
  link line: [ "/home/chaolee/Android/Sdk/ndk/22.1.7171670/toolchains/llvm/prebuilt/linux-x86_64/bin/ld" --sysroot=/home/chaolee/Android/Sdk/ndk/22.1.7171670/toolchains/llvm/prebuilt/linux-x86_64/sysroot -pie -z noexecstack --warn-shared-textrel -z now -z relro --hash-style=both --enable-new-dtags --eh-frame-hdr -m elf_x86_64 -dynamic-linker /system/bin/linker64 -o cmTC_49c99 /home/chaolee/Android/Sdk/ndk/22.1.7171670/toolchains/llvm/prebuilt/linux-x86_64/sysroot/usr/lib/x86_64-linux-android/21/crtbegin_dynamic.o -L/home/chaolee/Android/Sdk/ndk/22.1.7171670/toolchains/llvm/prebuilt/linux-x86_64/lib64/clang/11.0.5/lib/linux/x86_64 -L/home/chaolee/Android/Sdk/ndk/22.1.7171670/toolchains/llvm/prebuilt/linux-x86_64/lib/gcc/x86_64-linux-android/4.9.x -L/home/chaolee/Android/Sdk/ndk/22.1.7171670/toolchains/llvm/prebuilt/linux-x86_64/lib/gcc/x86_64-linux-android/4.9.x/../../../../x86_64-linux-android/lib/../lib64 -L/home/chaolee/Android/Sdk/ndk/22.1.7171670/toolchains/llvm/prebuilt/linux-x86_64/sysroot/usr/lib/x86_64-linux-android/21 -L/home/chaolee/Android/Sdk/ndk/22.1.7171670/toolchains/llvm/prebuilt/linux-x86_64/sysroot/usr/lib/x86_64-linux-android -L/home/chaolee/Android/Sdk/ndk/22.1.7171670/toolchains/llvm/prebuilt/linux-x86_64/lib/gcc/x86_64-linux-android/4.9.x/../../../../x86_64-linux-android/lib -L/home/chaolee/Android/Sdk/ndk/22.1.7171670/toolchains/llvm/prebuilt/linux-x86_64/sysroot/usr/lib --exclude-libs libgcc.a --exclude-libs libgcc_real.a --exclude-libs libatomic.a --build-id=sha1 --no-rosegment --fatal-warnings --no-undefined --gc-sections CMakeFiles/cmTC_49c99.dir/CMakeCCompilerABI.c.o -lgcc -ldl -lc -lgcc -ldl /home/chaolee/Android/Sdk/ndk/22.1.7171670/toolchains/llvm/prebuilt/linux-x86_64/sysroot/usr/lib/x86_64-linux-android/21/crtend_android.o]
    arg [/home/chaolee/Android/Sdk/ndk/22.1.7171670/toolchains/llvm/prebuilt/linux-x86_64/bin/ld] ==> ignore
    arg [--sysroot=/home/chaolee/Android/Sdk/ndk/22.1.7171670/toolchains/llvm/prebuilt/linux-x86_64/sysroot] ==> ignore
    arg [-pie] ==> ignore
    arg [-znoexecstack] ==> ignore
    arg [--warn-shared-textrel] ==> ignore
    arg [-znow] ==> ignore
    arg [-zrelro] ==> ignore
    arg [--hash-style=both] ==> ignore
    arg [--enable-new-dtags] ==> ignore
    arg [--eh-frame-hdr] ==> ignore
    arg [-m] ==> ignore
    arg [elf_x86_64] ==> ignore
    arg [-dynamic-linker] ==> ignore
    arg [/system/bin/linker64] ==> ignore
    arg [-o] ==> ignore
    arg [cmTC_49c99] ==> ignore
    arg [/home/chaolee/Android/Sdk/ndk/22.1.7171670/toolchains/llvm/prebuilt/linux-x86_64/sysroot/usr/lib/x86_64-linux-android/21/crtbegin_dynamic.o] ==> obj [/home/chaolee/Android/Sdk/ndk/22.1.7171670/toolchains/llvm/prebuilt/linux-x86_64/sysroot/usr/lib/x86_64-linux-android/21/crtbegin_dynamic.o]
    arg [-L/home/chaolee/Android/Sdk/ndk/22.1.7171670/toolchains/llvm/prebuilt/linux-x86_64/lib64/clang/11.0.5/lib/linux/x86_64] ==> dir [/home/chaolee/Android/Sdk/ndk/22.1.7171670/toolchains/llvm/prebuilt/linux-x86_64/lib64/clang/11.0.5/lib/linux/x86_64]
    arg [-L/home/chaolee/Android/Sdk/ndk/22.1.7171670/toolchains/llvm/prebuilt/linux-x86_64/lib/gcc/x86_64-linux-android/4.9.x] ==> dir [/home/chaolee/Android/Sdk/ndk/22.1.7171670/toolchains/llvm/prebuilt/linux-x86_64/lib/gcc/x86_64-linux-android/4.9.x]
    arg [-L/home/chaolee/Android/Sdk/ndk/22.1.7171670/toolchains/llvm/prebuilt/linux-x86_64/lib/gcc/x86_64-linux-android/4.9.x/../../../../x86_64-linux-android/lib/../lib64] ==> dir [/home/chaolee/Android/Sdk/ndk/22.1.7171670/toolchains/llvm/prebuilt/linux-x86_64/lib/gcc/x86_64-linux-android/4.9.x/../../../../x86_64-linux-android/lib/../lib64]
    arg [-L/home/chaolee/Android/Sdk/ndk/22.1.7171670/toolchains/llvm/prebuilt/linux-x86_64/sysroot/usr/lib/x86_64-linux-android/21] ==> dir [/home/chaolee/Android/Sdk/ndk/22.1.7171670/toolchains/llvm/prebuilt/linux-x86_64/sysroot/usr/lib/x86_64-linux-android/21]
    arg [-L/home/chaolee/Android/Sdk/ndk/22.1.7171670/toolchains/llvm/prebuilt/linux-x86_64/sysroot/usr/lib/x86_64-linux-android] ==> dir [/home/chaolee/Android/Sdk/ndk/22.1.7171670/toolchains/llvm/prebuilt/linux-x86_64/sysroot/usr/lib/x86_64-linux-android]
    arg [-L/home/chaolee/Android/Sdk/ndk/22.1.7171670/toolchains/llvm/prebuilt/linux-x86_64/lib/gcc/x86_64-linux-android/4.9.x/../../../../x86_64-linux-android/lib] ==> dir [/home/chaolee/Android/Sdk/ndk/22.1.7171670/toolchains/llvm/prebuilt/linux-x86_64/lib/gcc/x86_64-linux-android/4.9.x/../../../../x86_64-linux-android/lib]
    arg [-L/home/chaolee/Android/Sdk/ndk/22.1.7171670/toolchains/llvm/prebuilt/linux-x86_64/sysroot/usr/lib] ==> dir [/home/chaolee/Android/Sdk/ndk/22.1.7171670/toolchains/llvm/prebuilt/linux-x86_64/sysroot/usr/lib]
    arg [--exclude-libs] ==> ignore
    arg [libgcc.a] ==> ignore
    arg [--exclude-libs] ==> ignore
    arg [libgcc_real.a] ==> ignore
    arg [--exclude-libs] ==> ignore
    arg [libatomic.a] ==> ignore
    arg [--build-id=sha1] ==> ignore
    arg [--no-rosegment] ==> ignore
    arg [--fatal-warnings] ==> ignore
    arg [--no-undefined] ==> ignore
    arg [--gc-sections] ==> ignore
    arg [CMakeFiles/cmTC_49c99.dir/CMakeCCompilerABI.c.o] ==> ignore
    arg [-lgcc] ==> lib [gcc]
    arg [-ldl] ==> lib [dl]
    arg [-lc] ==> lib [c]
    arg [-lgcc] ==> lib [gcc]
    arg [-ldl] ==> lib [dl]
    arg [/home/chaolee/Android/Sdk/ndk/22.1.7171670/toolchains/llvm/prebuilt/linux-x86_64/sysroot/usr/lib/x86_64-linux-android/21/crtend_android.o] ==> obj [/home/chaolee/Android/Sdk/ndk/22.1.7171670/toolchains/llvm/prebuilt/linux-x86_64/sysroot/usr/lib/x86_64-linux-android/21/crtend_android.o]
  collapse library dir [/home/chaolee/Android/Sdk/ndk/22.1.7171670/toolchains/llvm/prebuilt/linux-x86_64/lib64/clang/11.0.5/lib/linux/x86_64] ==> [/home/chaolee/Android/Sdk/ndk/22.1.7171670/toolchains/llvm/prebuilt/linux-x86_64/lib64/clang/11.0.5/lib/linux/x86_64]
  collapse library dir [/home/chaolee/Android/Sdk/ndk/22.1.7171670/toolchains/llvm/prebuilt/linux-x86_64/lib/gcc/x86_64-linux-android/4.9.x] ==> [/home/chaolee/Android/Sdk/ndk/22.1.7171670/toolchains/llvm/prebuilt/linux-x86_64/lib/gcc/x86_64-linux-android/4.9.x]
  collapse library dir [/home/chaolee/Android/Sdk/ndk/22.1.7171670/toolchains/llvm/prebuilt/linux-x86_64/lib/gcc/x86_64-linux-android/4.9.x/../../../../x86_64-linux-android/lib/../lib64] ==> [/home/chaolee/Android/Sdk/ndk/22.1.7171670/toolchains/llvm/prebuilt/linux-x86_64/x86_64-linux-android/lib64]
  collapse library dir [/home/chaolee/Android/Sdk/ndk/22.1.7171670/toolchains/llvm/prebuilt/linux-x86_64/sysroot/usr/lib/x86_64-linux-android/21] ==> [/home/chaolee/Android/Sdk/ndk/22.1.7171670/toolchains/llvm/prebuilt/linux-x86_64/sysroot/usr/lib/x86_64-linux-android/21]
  collapse library dir [/home/chaolee/Android/Sdk/ndk/22.1.7171670/toolchains/llvm/prebuilt/linux-x86_64/sysroot/usr/lib/x86_64-linux-android] ==> [/home/chaolee/Android/Sdk/ndk/22.1.7171670/toolchains/llvm/prebuilt/linux-x86_64/sysroot/usr/lib/x86_64-linux-android]
  collapse library dir [/home/chaolee/Android/Sdk/ndk/22.1.7171670/toolchains/llvm/prebuilt/linux-x86_64/lib/gcc/x86_64-linux-android/4.9.x/../../../../x86_64-linux-android/lib] ==> [/home/chaolee/Android/Sdk/ndk/22.1.7171670/toolchains/llvm/prebuilt/linux-x86_64/x86_64-linux-android/lib]
  collapse library dir [/home/chaolee/Android/Sdk/ndk/22.1.7171670/toolchains/llvm/prebuilt/linux-x86_64/sysroot/usr/lib] ==> [/home/chaolee/Android/Sdk/ndk/22.1.7171670/toolchains/llvm/prebuilt/linux-x86_64/sysroot/usr/lib]
  implicit libs: [gcc;dl;c;gcc;dl]
  implicit objs: [/home/chaolee/Android/Sdk/ndk/22.1.7171670/toolchains/llvm/prebuilt/linux-x86_64/sysroot/usr/lib/x86_64-linux-android/21/crtbegin_dynamic.o;/home/chaolee/Android/Sdk/ndk/22.1.7171670/toolchains/llvm/prebuilt/linux-x86_64/sysroot/usr/lib/x86_64-linux-android/21/crtend_android.o]
  implicit dirs: [/home/chaolee/Android/Sdk/ndk/22.1.7171670/toolchains/llvm/prebuilt/linux-x86_64/lib64/clang/11.0.5/lib/linux/x86_64;/home/chaolee/Android/Sdk/ndk/22.1.7171670/toolchains/llvm/prebuilt/linux-x86_64/lib/gcc/x86_64-linux-android/4.9.x;/home/chaolee/Android/Sdk/ndk/22.1.7171670/toolchains/llvm/prebuilt/linux-x86_64/x86_64-linux-android/lib64;/home/chaolee/Android/Sdk/ndk/22.1.7171670/toolchains/llvm/prebuilt/linux-x86_64/sysroot/usr/lib/x86_64-linux-android/21;/home/chaolee/Android/Sdk/ndk/22.1.7171670/toolchains/llvm/prebuilt/linux-x86_64/sysroot/usr/lib/x86_64-linux-android;/home/chaolee/Android/Sdk/ndk/22.1.7171670/toolchains/llvm/prebuilt/linux-x86_64/x86_64-linux-android/lib;/home/chaolee/Android/Sdk/ndk/22.1.7171670/toolchains/llvm/prebuilt/linux-x86_64/sysroot/usr/lib]
  implicit fwks: []


Detecting CXX compiler ABI info compiled with the following output:
Change Dir: /home/chaolee/AndroidStudioProjects/KaraokePlayer/extensions/ffmpeg/.cxx/Debug/2f5t6z6c/x86_64/CMakeFiles/CMakeTmp

Run Build Command(s):/home/chaolee/Android/Sdk/cmake/3.22.1/bin/ninja cmTC_41e58 && [1/2] Building CXX object CMakeFiles/cmTC_41e58.dir/CMakeCXXCompilerABI.cpp.o
Android (7155654, based on r399163b1) clang version 11.0.5 (https://android.googlesource.com/toolchain/llvm-project 87f1315dfbea7c137aa2e6d362dbb457e388158d)
Target: x86_64-none-linux-android21
Thread model: posix
InstalledDir: /home/chaolee/Android/Sdk/ndk/22.1.7171670/toolchains/llvm/prebuilt/linux-x86_64/bin
Found candidate GCC installation: /home/chaolee/Android/Sdk/ndk/22.1.7171670/toolchains/llvm/prebuilt/linux-x86_64/lib/gcc/i686-linux-android/4.9.x
Found candidate GCC installation: /home/chaolee/Android/Sdk/ndk/22.1.7171670/toolchains/llvm/prebuilt/linux-x86_64/lib/gcc/x86_64-linux-android/4.9.x
Selected GCC installation: /home/chaolee/Android/Sdk/ndk/22.1.7171670/toolchains/llvm/prebuilt/linux-x86_64/lib/gcc/x86_64-linux-android/4.9.x
Candidate multilib: .;@m64
Selected multilib: .;@m64
 (in-process)
 "/home/chaolee/Android/Sdk/ndk/22.1.7171670/toolchains/llvm/prebuilt/linux-x86_64/bin/clang++" -cc1 -triple x86_64-none-linux-android21 -emit-obj -mrelax-all -mnoexecstack -disable-free -disable-llvm-verifier -discard-value-names -main-file-name CMakeCXXCompilerABI.cpp -mrelocation-model pic -pic-level 2 -pic-is-pie -mframe-pointer=all -fno-rounding-math -mconstructor-aliases -munwind-tables -target-cpu x86-64 -target-feature +sse4.2 -target-feature +popcnt -target-feature +cx16 -fno-split-dwarf-inlining -debug-info-kind=limited -dwarf-version=4 -debugger-tuning=gdb -v -ffunction-sections -fdata-sections -resource-dir /home/chaolee/Android/Sdk/ndk/22.1.7171670/toolchains/llvm/prebuilt/linux-x86_64/lib64/clang/11.0.5 -dependency-file CMakeFiles/cmTC_41e58.dir/CMakeCXXCompilerABI.cpp.o.d -MT CMakeFiles/cmTC_41e58.dir/CMakeCXXCompilerABI.cpp.o -sys-header-deps -D ANDROID -D _FORTIFY_SOURCE=2 -isysroot /home/chaolee/Android/Sdk/ndk/22.1.7171670/toolchains/llvm/prebuilt/linux-x86_64/sysroot -internal-isystem /home/chaolee/Android/Sdk/ndk/22.1.7171670/toolchains/llvm/prebuilt/linux-x86_64/sysroot/usr/include/c++/v1 -internal-isystem /home/chaolee/Android/Sdk/ndk/22.1.7171670/toolchains/llvm/prebuilt/linux-x86_64/sysroot/usr/local/include -internal-isystem /home/chaolee/Android/Sdk/ndk/22.1.7171670/toolchains/llvm/prebuilt/linux-x86_64/lib64/clang/11.0.5/include -internal-externc-isystem /home/chaolee/Android/Sdk/ndk/22.1.7171670/toolchains/llvm/prebuilt/linux-x86_64/sysroot/usr/include/x86_64-linux-android -internal-externc-isystem /home/chaolee/Android/Sdk/ndk/22.1.7171670/toolchains/llvm/prebuilt/linux-x86_64/sysroot/include -internal-externc-isystem /home/chaolee/Android/Sdk/ndk/22.1.7171670/toolchains/llvm/prebuilt/linux-x86_64/sysroot/usr/include -Wformat -fdeprecated-macro -fdebug-compilation-dir /home/chaolee/AndroidStudioProjects/KaraokePlayer/extensions/ffmpeg/.cxx/Debug/2f5t6z6c/x86_64/CMakeFiles/CMakeTmp -ferror-limit 19 -stack-protector 2 -fgnuc-version=4.2.1 -fcxx-exceptions -fexceptions -o CMakeFiles/cmTC_41e58.dir/CMakeCXXCompilerABI.cpp.o -x c++ /home/chaolee/Android/Sdk/cmake/3.22.1/share/cmake-3.22/Modules/CMakeCXXCompilerABI.cpp
clang -cc1 version 11.0.5 based upon LLVM 11.0.5git default target x86_64-unknown-linux-gnu
ignoring nonexistent directory "/home/chaolee/Android/Sdk/ndk/22.1.7171670/toolchains/llvm/prebuilt/linux-x86_64/sysroot/include"
#include "..." search starts here:
#include <...> search starts here:
 /home/chaolee/Android/Sdk/ndk/22.1.7171670/toolchains/llvm/prebuilt/linux-x86_64/sysroot/usr/include/c++/v1
 /home/chaolee/Android/Sdk/ndk/22.1.7171670/toolchains/llvm/prebuilt/linux-x86_64/sysroot/usr/local/include
 /home/chaolee/Android/Sdk/ndk/22.1.7171670/toolchains/llvm/prebuilt/linux-x86_64/lib64/clang/11.0.5/include
 /home/chaolee/Android/Sdk/ndk/22.1.7171670/toolchains/llvm/prebuilt/linux-x86_64/sysroot/usr/include/x86_64-linux-android
 /home/chaolee/Android/Sdk/ndk/22.1.7171670/toolchains/llvm/prebuilt/linux-x86_64/sysroot/usr/include
End of search list.
[2/2] Linking CXX executable cmTC_41e58
Android (7155654, based on r399163b1) clang version 11.0.5 (https://android.googlesource.com/toolchain/llvm-project 87f1315dfbea7c137aa2e6d362dbb457e388158d)
Target: x86_64-none-linux-android21
Thread model: posix
InstalledDir: /home/chaolee/Android/Sdk/ndk/22.1.7171670/toolchains/llvm/prebuilt/linux-x86_64/bin
Found candidate GCC installation: /home/chaolee/Android/Sdk/ndk/22.1.7171670/toolchains/llvm/prebuilt/linux-x86_64/lib/gcc/i686-linux-android/4.9.x
Found candidate GCC installation: /home/chaolee/Android/Sdk/ndk/22.1.7171670/toolchains/llvm/prebuilt/linux-x86_64/lib/gcc/x86_64-linux-android/4.9.x
Selected GCC installation: /home/chaolee/Android/Sdk/ndk/22.1.7171670/toolchains/llvm/prebuilt/linux-x86_64/lib/gcc/x86_64-linux-android/4.9.x
Candidate multilib: .;@m64
Selected multilib: .;@m64
 "/home/chaolee/Android/Sdk/ndk/22.1.7171670/toolchains/llvm/prebuilt/linux-x86_64/bin/ld" --sysroot=/home/chaolee/Android/Sdk/ndk/22.1.7171670/toolchains/llvm/prebuilt/linux-x86_64/sysroot -pie -z noexecstack --warn-shared-textrel -z now -z relro --hash-style=both --enable-new-dtags --eh-frame-hdr -m elf_x86_64 -dynamic-linker /system/bin/linker64 -o cmTC_41e58 /home/chaolee/Android/Sdk/ndk/22.1.7171670/toolchains/llvm/prebuilt/linux-x86_64/sysroot/usr/lib/x86_64-linux-android/21/crtbegin_dynamic.o -L/home/chaolee/Android/Sdk/ndk/22.1.7171670/toolchains/llvm/prebuilt/linux-x86_64/lib64/clang/11.0.5/lib/linux/x86_64 -L/home/chaolee/Android/Sdk/ndk/22.1.7171670/toolchains/llvm/prebuilt/linux-x86_64/lib/gcc/x86_64-linux-android/4.9.x -L/home/chaolee/Android/Sdk/ndk/22.1.7171670/toolchains/llvm/prebuilt/linux-x86_64/lib/gcc/x86_64-linux-android/4.9.x/../../../../x86_64-linux-android/lib/../lib64 -L/home/chaolee/Android/Sdk/ndk/22.1.7171670/toolchains/llvm/prebuilt/linux-x86_64/sysroot/usr/lib/x86_64-linux-android/21 -L/home/chaolee/Android/Sdk/ndk/22.1.7171670/toolchains/llvm/prebuilt/linux-x86_64/sysroot/usr/lib/x86_64-linux-android -L/home/chaolee/Android/Sdk/ndk/22.1.7171670/toolchains/llvm/prebuilt/linux-x86_64/lib/gcc/x86_64-linux-android/4.9.x/../../../../x86_64-linux-android/lib -L/home/chaolee/Android/Sdk/ndk/22.1.7171670/toolchains/llvm/prebuilt/linux-x86_64/sysroot/usr/lib --exclude-libs libgcc.a --exclude-libs libgcc_real.a --exclude-libs libatomic.a --build-id=sha1 --no-rosegment --fatal-warnings --no-undefined --gc-sections CMakeFiles/cmTC_41e58.dir/CMakeCXXCompilerABI.cpp.o -Bstatic -lc++ -Bdynamic -lm -lgcc -ldl -lc -lgcc -ldl /home/chaolee/Android/Sdk/ndk/22.1.7171670/toolchains/llvm/prebuilt/linux-x86_64/sysroot/usr/lib/x86_64-linux-android/21/crtend_android.o



Parsed CXX implicit include dir info from above output: rv=done
  found start of include info
  found start of implicit include info
    add: [/home/chaolee/Android/Sdk/ndk/22.1.7171670/toolchains/llvm/prebuilt/linux-x86_64/sysroot/usr/include/c++/v1]
    add: [/home/chaolee/Android/Sdk/ndk/22.1.7171670/toolchains/llvm/prebuilt/linux-x86_64/sysroot/usr/local/include]
    add: [/home/chaolee/Android/Sdk/ndk/22.1.7171670/toolchains/llvm/prebuilt/linux-x86_64/lib64/clang/11.0.5/include]
    add: [/home/chaolee/Android/Sdk/ndk/22.1.7171670/toolchains/llvm/prebuilt/linux-x86_64/sysroot/usr/include/x86_64-linux-android]
    add: [/home/chaolee/Android/Sdk/ndk/22.1.7171670/toolchains/llvm/prebuilt/linux-x86_64/sysroot/usr/include]
  end of search list found
  collapse include dir [/home/chaolee/Android/Sdk/ndk/22.1.7171670/toolchains/llvm/prebuilt/linux-x86_64/sysroot/usr/include/c++/v1] ==> [/home/chaolee/Android/Sdk/ndk/22.1.7171670/toolchains/llvm/prebuilt/linux-x86_64/sysroot/usr/include/c++/v1]
  collapse include dir [/home/chaolee/Android/Sdk/ndk/22.1.7171670/toolchains/llvm/prebuilt/linux-x86_64/sysroot/usr/local/include] ==> [/home/chaolee/Android/Sdk/ndk/22.1.7171670/toolchains/llvm/prebuilt/linux-x86_64/sysroot/usr/local/include]
  collapse include dir [/home/chaolee/Android/Sdk/ndk/22.1.7171670/toolchains/llvm/prebuilt/linux-x86_64/lib64/clang/11.0.5/include] ==> [/home/chaolee/Android/Sdk/ndk/22.1.7171670/toolchains/llvm/prebuilt/linux-x86_64/lib64/clang/11.0.5/include]
  collapse include dir [/home/chaolee/Android/Sdk/ndk/22.1.7171670/toolchains/llvm/prebuilt/linux-x86_64/sysroot/usr/include/x86_64-linux-android] ==> [/home/chaolee/Android/Sdk/ndk/22.1.7171670/toolchains/llvm/prebuilt/linux-x86_64/sysroot/usr/include/x86_64-linux-android]
  collapse include dir [/home/chaolee/Android/Sdk/ndk/22.1.7171670/toolchains/llvm/prebuilt/linux-x86_64/sysroot/usr/include] ==> [/home/chaolee/Android/Sdk/ndk/22.1.7171670/toolchains/llvm/prebuilt/linux-x86_64/sysroot/usr/include]
  implicit include dirs: [/home/chaolee/Android/Sdk/ndk/22.1.7171670/toolchains/llvm/prebuilt/linux-x86_64/sysroot/usr/include/c++/v1;/home/chaolee/Android/Sdk/ndk/22.1.7171670/toolchains/llvm/prebuilt/linux-x86_64/sysroot/usr/local/include;/home/chaolee/Android/Sdk/ndk/22.1.7171670/toolchains/llvm/prebuilt/linux-x86_64/lib64/clang/11.0.5/include;/home/chaolee/Android/Sdk/ndk/22.1.7171670/toolchains/llvm/prebuilt/linux-x86_64/sysroot/usr/include/x86_64-linux-android;/home/chaolee/Android/Sdk/ndk/22.1.7171670/toolchains/llvm/prebuilt/linux-x86_64/sysroot/usr/include]


Parsed CXX implicit link information from above output:
  link line regex: [^( *|.*[/\])(ld\.lld|CMAKE_LINK_STARTFILE-NOTFOUND|([^/\]+-)?ld|collect2)[^/\]*( |$)]
  ignore line: [Change Dir: /home/chaolee/AndroidStudioProjects/KaraokePlayer/extensions/ffmpeg/.cxx/Debug/2f5t6z6c/x86_64/CMakeFiles/CMakeTmp]
  ignore line: []
  ignore line: [Run Build Command(s):/home/chaolee/Android/Sdk/cmake/3.22.1/bin/ninja cmTC_41e58 && [1/2] Building CXX object CMakeFiles/cmTC_41e58.dir/CMakeCXXCompilerABI.cpp.o]
  ignore line: [Android (7155654  based on r399163b1) clang version 11.0.5 (https://android.googlesource.com/toolchain/llvm-project 87f1315dfbea7c137aa2e6d362dbb457e388158d)]
  ignore line: [Target: x86_64-none-linux-android21]
  ignore line: [Thread model: posix]
  ignore line: [InstalledDir: /home/chaolee/Android/Sdk/ndk/22.1.7171670/toolchains/llvm/prebuilt/linux-x86_64/bin]
  ignore line: [Found candidate GCC installation: /home/chaolee/Android/Sdk/ndk/22.1.7171670/toolchains/llvm/prebuilt/linux-x86_64/lib/gcc/i686-linux-android/4.9.x]
  ignore line: [Found candidate GCC installation: /home/chaolee/Android/Sdk/ndk/22.1.7171670/toolchains/llvm/prebuilt/linux-x86_64/lib/gcc/x86_64-linux-android/4.9.x]
  ignore line: [Selected GCC installation: /home/chaolee/Android/Sdk/ndk/22.1.7171670/toolchains/llvm/prebuilt/linux-x86_64/lib/gcc/x86_64-linux-android/4.9.x]
  ignore line: [Candidate multilib: .]
  ignore line: [@m64]
  ignore line: [Selected multilib: .]
  ignore line: [@m64]
  ignore line: [ (in-process)]
  ignore line: [ "/home/chaolee/Android/Sdk/ndk/22.1.7171670/toolchains/llvm/prebuilt/linux-x86_64/bin/clang++" -cc1 -triple x86_64-none-linux-android21 -emit-obj -mrelax-all -mnoexecstack -disable-free -disable-llvm-verifier -discard-value-names -main-file-name CMakeCXXCompilerABI.cpp -mrelocation-model pic -pic-level 2 -pic-is-pie -mframe-pointer=all -fno-rounding-math -mconstructor-aliases -munwind-tables -target-cpu x86-64 -target-feature +sse4.2 -target-feature +popcnt -target-feature +cx16 -fno-split-dwarf-inlining -debug-info-kind=limited -dwarf-version=4 -debugger-tuning=gdb -v -ffunction-sections -fdata-sections -resource-dir /home/chaolee/Android/Sdk/ndk/22.1.7171670/toolchains/llvm/prebuilt/linux-x86_64/lib64/clang/11.0.5 -dependency-file CMakeFiles/cmTC_41e58.dir/CMakeCXXCompilerABI.cpp.o.d -MT CMakeFiles/cmTC_41e58.dir/CMakeCXXCompilerABI.cpp.o -sys-header-deps -D ANDROID -D _FORTIFY_SOURCE=2 -isysroot /home/chaolee/Android/Sdk/ndk/22.1.7171670/toolchains/llvm/prebuilt/linux-x86_64/sysroot -internal-isystem /home/chaolee/Android/Sdk/ndk/22.1.7171670/toolchains/llvm/prebuilt/linux-x86_64/sysroot/usr/include/c++/v1 -internal-isystem /home/chaolee/Android/Sdk/ndk/22.1.7171670/toolchains/llvm/prebuilt/linux-x86_64/sysroot/usr/local/include -internal-isystem /home/chaolee/Android/Sdk/ndk/22.1.7171670/toolchains/llvm/prebuilt/linux-x86_64/lib64/clang/11.0.5/include -internal-externc-isystem /home/chaolee/Android/Sdk/ndk/22.1.7171670/toolchains/llvm/prebuilt/linux-x86_64/sysroot/usr/include/x86_64-linux-android -internal-externc-isystem /home/chaolee/Android/Sdk/ndk/22.1.7171670/toolchains/llvm/prebuilt/linux-x86_64/sysroot/include -internal-externc-isystem /home/chaolee/Android/Sdk/ndk/22.1.7171670/toolchains/llvm/prebuilt/linux-x86_64/sysroot/usr/include -Wformat -fdeprecated-macro -fdebug-compilation-dir /home/chaolee/AndroidStudioProjects/KaraokePlayer/extensions/ffmpeg/.cxx/Debug/2f5t6z6c/x86_64/CMakeFiles/CMakeTmp -ferror-limit 19 -stack-protector 2 -fgnuc-version=4.2.1 -fcxx-exceptions -fexceptions -o CMakeFiles/cmTC_41e58.dir/CMakeCXXCompilerABI.cpp.o -x c++ /home/chaolee/Android/Sdk/cmake/3.22.1/share/cmake-3.22/Modules/CMakeCXXCompilerABI.cpp]
  ignore line: [clang -cc1 version 11.0.5 based upon LLVM 11.0.5git default target x86_64-unknown-linux-gnu]
  ignore line: [ignoring nonexistent directory "/home/chaolee/Android/Sdk/ndk/22.1.7171670/toolchains/llvm/prebuilt/linux-x86_64/sysroot/include"]
  ignore line: [#include "..." search starts here:]
  ignore line: [#include <...> search starts here:]
  ignore line: [ /home/chaolee/Android/Sdk/ndk/22.1.7171670/toolchains/llvm/prebuilt/linux-x86_64/sysroot/usr/include/c++/v1]
  ignore line: [ /home/chaolee/Android/Sdk/ndk/22.1.7171670/toolchains/llvm/prebuilt/linux-x86_64/sysroot/usr/local/include]
  ignore line: [ /home/chaolee/Android/Sdk/ndk/22.1.7171670/toolchains/llvm/prebuilt/linux-x86_64/lib64/clang/11.0.5/include]
  ignore line: [ /home/chaolee/Android/Sdk/ndk/22.1.7171670/toolchains/llvm/prebuilt/linux-x86_64/sysroot/usr/include/x86_64-linux-android]
  ignore line: [ /home/chaolee/Android/Sdk/ndk/22.1.7171670/toolchains/llvm/prebuilt/linux-x86_64/sysroot/usr/include]
  ignore line: [End of search list.]
  ignore line: [[2/2] Linking CXX executable cmTC_41e58]
  ignore line: [Android (7155654  based on r399163b1) clang version 11.0.5 (https://android.googlesource.com/toolchain/llvm-project 87f1315dfbea7c137aa2e6d362dbb457e388158d)]
  ignore line: [Target: x86_64-none-linux-android21]
  ignore line: [Thread model: posix]
  ignore line: [InstalledDir: /home/chaolee/Android/Sdk/ndk/22.1.7171670/toolchains/llvm/prebuilt/linux-x86_64/bin]
  ignore line: [Found candidate GCC installation: /home/chaolee/Android/Sdk/ndk/22.1.7171670/toolchains/llvm/prebuilt/linux-x86_64/lib/gcc/i686-linux-android/4.9.x]
  ignore line: [Found candidate GCC installation: /home/chaolee/Android/Sdk/ndk/22.1.7171670/toolchains/llvm/prebuilt/linux-x86_64/lib/gcc/x86_64-linux-android/4.9.x]
  ignore line: [Selected GCC installation: /home/chaolee/Android/Sdk/ndk/22.1.7171670/toolchains/llvm/prebuilt/linux-x86_64/lib/gcc/x86_64-linux-android/4.9.x]
  ignore line: [Candidate multilib: .]
  ignore line: [@m64]
  ignore line: [Selected multilib: .]
  ignore line: [@m64]
  link line: [ "/home/chaolee/Android/Sdk/ndk/22.1.7171670/toolchains/llvm/prebuilt/linux-x86_64/bin/ld" --sysroot=/home/chaolee/Android/Sdk/ndk/22.1.7171670/toolchains/llvm/prebuilt/linux-x86_64/sysroot -pie -z noexecstack --warn-shared-textrel -z now -z relro --hash-style=both --enable-new-dtags --eh-frame-hdr -m elf_x86_64 -dynamic-linker /system/bin/linker64 -o cmTC_41e58 /home/chaolee/Android/Sdk/ndk/22.1.7171670/toolchains/llvm/prebuilt/linux-x86_64/sysroot/usr/lib/x86_64-linux-android/21/crtbegin_dynamic.o -L/home/chaolee/Android/Sdk/ndk/22.1.7171670/toolchains/llvm/prebuilt/linux-x86_64/lib64/clang/11.0.5/lib/linux/x86_64 -L/home/chaolee/Android/Sdk/ndk/22.1.7171670/toolchains/llvm/prebuilt/linux-x86_64/lib/gcc/x86_64-linux-android/4.9.x -L/home/chaolee/Android/Sdk/ndk/22.1.7171670/toolchains/llvm/prebuilt/linux-x86_64/lib/gcc/x86_64-linux-android/4.9.x/../../../../x86_64-linux-android/lib/../lib64 -L/home/chaolee/Android/Sdk/ndk/22.1.7171670/toolchains/llvm/prebuilt/linux-x86_64/sysroot/usr/lib/x86_64-linux-android/21 -L/home/chaolee/Android/Sdk/ndk/22.1.7171670/toolchains/llvm/prebuilt/linux-x86_64/sysroot/usr/lib/x86_64-linux-android -L/home/chaolee/Android/Sdk/ndk/22.1.7171670/toolchains/llvm/prebuilt/linux-x86_64/lib/gcc/x86_64-linux-android/4.9.x/../../../../x86_64-linux-android/lib -L/home/chaolee/Android/Sdk/ndk/22.1.7171670/toolchains/llvm/prebuilt/linux-x86_64/sysroot/usr/lib --exclude-libs libgcc.a --exclude-libs libgcc_real.a --exclude-libs libatomic.a --build-id=sha1 --no-rosegment --fatal-warnings --no-undefined --gc-sections CMakeFiles/cmTC_41e58.dir/CMakeCXXCompilerABI.cpp.o -Bstatic -lc++ -Bdynamic -lm -lgcc -ldl -lc -lgcc -ldl /home/chaolee/Android/Sdk/ndk/22.1.7171670/toolchains/llvm/prebuilt/linux-x86_64/sysroot/usr/lib/x86_64-linux-android/21/crtend_android.o]
    arg [/home/chaolee/Android/Sdk/ndk/22.1.7171670/toolchains/llvm/prebuilt/linux-x86_64/bin/ld] ==> ignore
    arg [--sysroot=/home/chaolee/Android/Sdk/ndk/22.1.7171670/toolchains/llvm/prebuilt/linux-x86_64/sysroot] ==> ignore
    arg [-pie] ==> ignore
    arg [-znoexecstack] ==> ignore
    arg [--warn-shared-textrel] ==> ignore
    arg [-znow] ==> ignore
    arg [-zrelro] ==> ignore
    arg [--hash-style=both] ==> ignore
    arg [--enable-new-dtags] ==> ignore
    arg [--eh-frame-hdr] ==> ignore
    arg [-m] ==> ignore
    arg [elf_x86_64] ==> ignore
    arg [-dynamic-linker] ==> ignore
    arg [/system/bin/linker64] ==> ignore
    arg [-o] ==> ignore
    arg [cmTC_41e58] ==> ignore
    arg [/home/chaolee/Android/Sdk/ndk/22.1.7171670/toolchains/llvm/prebuilt/linux-x86_64/sysroot/usr/lib/x86_64-linux-android/21/crtbegin_dynamic.o] ==> obj [/home/chaolee/Android/Sdk/ndk/22.1.7171670/toolchains/llvm/prebuilt/linux-x86_64/sysroot/usr/lib/x86_64-linux-android/21/crtbegin_dynamic.o]
    arg [-L/home/chaolee/Android/Sdk/ndk/22.1.7171670/toolchains/llvm/prebuilt/linux-x86_64/lib64/clang/11.0.5/lib/linux/x86_64] ==> dir [/home/chaolee/Android/Sdk/ndk/22.1.7171670/toolchains/llvm/prebuilt/linux-x86_64/lib64/clang/11.0.5/lib/linux/x86_64]
    arg [-L/home/chaolee/Android/Sdk/ndk/22.1.7171670/toolchains/llvm/prebuilt/linux-x86_64/lib/gcc/x86_64-linux-android/4.9.x] ==> dir [/home/chaolee/Android/Sdk/ndk/22.1.7171670/toolchains/llvm/prebuilt/linux-x86_64/lib/gcc/x86_64-linux-android/4.9.x]
    arg [-L/home/chaolee/Android/Sdk/ndk/22.1.7171670/toolchains/llvm/prebuilt/linux-x86_64/lib/gcc/x86_64-linux-android/4.9.x/../../../../x86_64-linux-android/lib/../lib64] ==> dir [/home/chaolee/Android/Sdk/ndk/22.1.7171670/toolchains/llvm/prebuilt/linux-x86_64/lib/gcc/x86_64-linux-android/4.9.x/../../../../x86_64-linux-android/lib/../lib64]
    arg [-L/home/chaolee/Android/Sdk/ndk/22.1.7171670/toolchains/llvm/prebuilt/linux-x86_64/sysroot/usr/lib/x86_64-linux-android/21] ==> dir [/home/chaolee/Android/Sdk/ndk/22.1.7171670/toolchains/llvm/prebuilt/linux-x86_64/sysroot/usr/lib/x86_64-linux-android/21]
    arg [-L/home/chaolee/Android/Sdk/ndk/22.1.7171670/toolchains/llvm/prebuilt/linux-x86_64/sysroot/usr/lib/x86_64-linux-android] ==> dir [/home/chaolee/Android/Sdk/ndk/22.1.7171670/toolchains/llvm/prebuilt/linux-x86_64/sysroot/usr/lib/x86_64-linux-android]
    arg [-L/home/chaolee/Android/Sdk/ndk/22.1.7171670/toolchains/llvm/prebuilt/linux-x86_64/lib/gcc/x86_64-linux-android/4.9.x/../../../../x86_64-linux-android/lib] ==> dir [/home/chaolee/Android/Sdk/ndk/22.1.7171670/toolchains/llvm/prebuilt/linux-x86_64/lib/gcc/x86_64-linux-android/4.9.x/../../../../x86_64-linux-android/lib]
    arg [-L/home/chaolee/Android/Sdk/ndk/22.1.7171670/toolchains/llvm/prebuilt/linux-x86_64/sysroot/usr/lib] ==> dir [/home/chaolee/Android/Sdk/ndk/22.1.7171670/toolchains/llvm/prebuilt/linux-x86_64/sysroot/usr/lib]
    arg [--exclude-libs] ==> ignore
    arg [libgcc.a] ==> ignore
    arg [--exclude-libs] ==> ignore
    arg [libgcc_real.a] ==> ignore
    arg [--exclude-libs] ==> ignore
    arg [libatomic.a] ==> ignore
    arg [--build-id=sha1] ==> ignore
    arg [--no-rosegment] ==> ignore
    arg [--fatal-warnings] ==> ignore
    arg [--no-undefined] ==> ignore
    arg [--gc-sections] ==> ignore
    arg [CMakeFiles/cmTC_41e58.dir/CMakeCXXCompilerABI.cpp.o] ==> ignore
    arg [-Bstatic] ==> search static
    arg [-lc++] ==> lib [c++]
    arg [-Bdynamic] ==> search dynamic
    arg [-lm] ==> lib [m]
    arg [-lgcc] ==> lib [gcc]
    arg [-ldl] ==> lib [dl]
    arg [-lc] ==> lib [c]
    arg [-lgcc] ==> lib [gcc]
    arg [-ldl] ==> lib [dl]
    arg [/home/chaolee/Android/Sdk/ndk/22.1.7171670/toolchains/llvm/prebuilt/linux-x86_64/sysroot/usr/lib/x86_64-linux-android/21/crtend_android.o] ==> obj [/home/chaolee/Android/Sdk/ndk/22.1.7171670/toolchains/llvm/prebuilt/linux-x86_64/sysroot/usr/lib/x86_64-linux-android/21/crtend_android.o]
  collapse library dir [/home/chaolee/Android/Sdk/ndk/22.1.7171670/toolchains/llvm/prebuilt/linux-x86_64/lib64/clang/11.0.5/lib/linux/x86_64] ==> [/home/chaolee/Android/Sdk/ndk/22.1.7171670/toolchains/llvm/prebuilt/linux-x86_64/lib64/clang/11.0.5/lib/linux/x86_64]
  collapse library dir [/home/chaolee/Android/Sdk/ndk/22.1.7171670/toolchains/llvm/prebuilt/linux-x86_64/lib/gcc/x86_64-linux-android/4.9.x] ==> [/home/chaolee/Android/Sdk/ndk/22.1.7171670/toolchains/llvm/prebuilt/linux-x86_64/lib/gcc/x86_64-linux-android/4.9.x]
  collapse library dir [/home/chaolee/Android/Sdk/ndk/22.1.7171670/toolchains/llvm/prebuilt/linux-x86_64/lib/gcc/x86_64-linux-android/4.9.x/../../../../x86_64-linux-android/lib/../lib64] ==> [/home/chaolee/Android/Sdk/ndk/22.1.7171670/toolchains/llvm/prebuilt/linux-x86_64/x86_64-linux-android/lib64]
  collapse library dir [/home/chaolee/Android/Sdk/ndk/22.1.7171670/toolchains/llvm/prebuilt/linux-x86_64/sysroot/usr/lib/x86_64-linux-android/21] ==> [/home/chaolee/Android/Sdk/ndk/22.1.7171670/toolchains/llvm/prebuilt/linux-x86_64/sysroot/usr/lib/x86_64-linux-android/21]
  collapse library dir [/home/chaolee/Android/Sdk/ndk/22.1.7171670/toolchains/llvm/prebuilt/linux-x86_64/sysroot/usr/lib/x86_64-linux-android] ==> [/home/chaolee/Android/Sdk/ndk/22.1.7171670/toolchains/llvm/prebuilt/linux-x86_64/sysroot/usr/lib/x86_64-linux-android]
  collapse library dir [/home/chaolee/Android/Sdk/ndk/22.1.7171670/toolchains/llvm/prebuilt/linux-x86_64/lib/gcc/x86_64-linux-android/4.9.x/../../../../x86_64-linux-android/lib] ==> [/home/chaolee/Android/Sdk/ndk/22.1.7171670/toolchains/llvm/prebuilt/linux-x86_64/x86_64-linux-android/lib]
  collapse library dir [/home/chaolee/Android/Sdk/ndk/22.1.7171670/toolchains/llvm/prebuilt/linux-x86_64/sysroot/usr/lib] ==> [/home/chaolee/Android/Sdk/ndk/22.1.7171670/toolchains/llvm/prebuilt/linux-x86_64/sysroot/usr/lib]
  implicit libs: [c++;m;gcc;dl;c;gcc;dl]
  implicit objs: [/home/chaolee/Android/Sdk/ndk/22.1.7171670/toolchains/llvm/prebuilt/linux-x86_64/sysroot/usr/lib/x86_64-linux-android/21/crtbegin_dynamic.o;/home/chaolee/Android/Sdk/ndk/22.1.7171670/toolchains/llvm/prebuilt/linux-x86_64/sysroot/usr/lib/x86_64-linux-android/21/crtend_android.o]
  implicit dirs: [/home/chaolee/Android/Sdk/ndk/22.1.7171670/toolchains/llvm/prebuilt/linux-x86_64/lib64/clang/11.0.5/lib/linux/x86_64;/home/chaolee/Android/Sdk/ndk/22.1.7171670/toolchains/llvm/prebuilt/linux-x86_64/lib/gcc/x86_64-linux-android/4.9.x;/home/chaolee/Android/Sdk/ndk/22.1.7171670/toolchains/llvm/prebuilt/linux-x86_64/x86_64-linux-android/lib64;/home/chaolee/Android/Sdk/ndk/22.1.7171670/toolchains/llvm/prebuilt/linux-x86_64/sysroot/usr/lib/x86_64-linux-android/21;/home/chaolee/Android/Sdk/ndk/22.1.7171670/toolchains/llvm/prebuilt/linux-x86_64/sysroot/usr/lib/x86_64-linux-android;/home/chaolee/Android/Sdk/ndk/22.1.7171670/toolchains/llvm/prebuilt/linux-x86_64/x86_64-linux-android/lib;/home/chaolee/Android/Sdk/ndk/22.1.7171670/toolchains/llvm/prebuilt/linux-x86_64/sysroot/usr/lib]
  implicit fwks: []


