The target system is: Android - 1 - i686
The host system is: Linux - 6.8.0-79-generic - x86_64
Compiling the C compiler identification source file "CMakeCCompilerId.c" succeeded.
Compiler: /home/chaolee/Android/Sdk/ndk/27.3.13750724/toolchains/llvm/prebuilt/linux-x86_64/bin/clang 
Build flags: -g;-DANDROID;-fdata-sections;-ffunction-sections;-funwind-tables;-fstack-protector-strong;-no-canonical-prefixes;-D__BIONIC_NO_PAGE_SIZE_MACRO;-mstackrealign;-D_FORTIFY_SOURCE=2;-Wformat;-Werror=format-security;
Id flags: -c;--target=i686-none-linux-android23 

The output was:
0


Compilation of the C compiler identification source "CMakeCCompilerId.c" produced "CMakeCCompilerId.o"

The C compiler identification is Clang, found in "/home/chaolee/AndroidStudioProjects/Karaoke/extensions/ffmpeg/src/main/jni/libyuv/build-x86/CMakeFiles/3.22.1/CompilerIdC/CMakeCCompilerId.o"

Compiling the CXX compiler identification source file "CMakeCXXCompilerId.cpp" succeeded.
Compiler: /home/chaolee/Android/Sdk/ndk/27.3.13750724/toolchains/llvm/prebuilt/linux-x86_64/bin/clang++ 
Build flags: -g;-DANDROID;-fdata-sections;-ffunction-sections;-funwind-tables;-fstack-protector-strong;-no-canonical-prefixes;-D__BIONIC_NO_PAGE_SIZE_MACRO;-mstackrealign;-D_FORTIFY_SOURCE=2;-Wformat;-Werror=format-security;;
Id flags: -c;--target=i686-none-linux-android23 

The output was:
0


Compilation of the CXX compiler identification source "CMakeCXXCompilerId.cpp" produced "CMakeCXXCompilerId.o"

The CXX compiler identification is Clang, found in "/home/chaolee/AndroidStudioProjects/Karaoke/extensions/ffmpeg/src/main/jni/libyuv/build-x86/CMakeFiles/3.22.1/CompilerIdCXX/CMakeCXXCompilerId.o"

Detecting C compiler ABI info compiled with the following output:
Change Dir: /home/chaolee/AndroidStudioProjects/Karaoke/extensions/ffmpeg/src/main/jni/libyuv/build-x86/CMakeFiles/CMakeTmp

Run Build Command(s):/usr/bin/gmake -f Makefile cmTC_5f549/fast && /usr/bin/gmake  -f CMakeFiles/cmTC_5f549.dir/build.make CMakeFiles/cmTC_5f549.dir/build
gmake[1]: Entering directory '/home/chaolee/AndroidStudioProjects/Karaoke/extensions/ffmpeg/src/main/jni/libyuv/build-x86/CMakeFiles/CMakeTmp'
Building C object CMakeFiles/cmTC_5f549.dir/CMakeCCompilerABI.c.o
/home/chaolee/Android/Sdk/ndk/27.3.13750724/toolchains/llvm/prebuilt/linux-x86_64/bin/clang --target=i686-none-linux-android23 --sysroot=/home/chaolee/Android/Sdk/ndk/27.3.13750724/toolchains/llvm/prebuilt/linux-x86_64/sysroot   -g -DANDROID -fdata-sections -ffunction-sections -funwind-tables -fstack-protector-strong -no-canonical-prefixes -D__BIONIC_NO_PAGE_SIZE_MACRO -mstackrealign -D_FORTIFY_SOURCE=2 -Wformat   -fPIE   -v -MD -MT CMakeFiles/cmTC_5f549.dir/CMakeCCompilerABI.c.o -MF CMakeFiles/cmTC_5f549.dir/CMakeCCompilerABI.c.o.d -o CMakeFiles/cmTC_5f549.dir/CMakeCCompilerABI.c.o -c /usr/share/cmake-3.22/Modules/CMakeCCompilerABI.c
Android (13691557, +pgo, +bolt, +lto, +mlgo, based on r522817d) clang version 18.0.4 (https://android.googlesource.com/toolchain/llvm-project d8003a456d14a3deb8054cdaa529ffbf02d9b262)
Target: i686-none-linux-android23
Thread model: posix
InstalledDir: /home/chaolee/Android/Sdk/ndk/27.3.13750724/toolchains/llvm/prebuilt/linux-x86_64/bin
 (in-process)
 "/home/chaolee/Android/Sdk/ndk/27.3.13750724/toolchains/llvm/prebuilt/linux-x86_64/bin/clang" -cc1 -triple i686-none-linux-android23 -emit-obj -mrelax-all -disable-free -clear-ast-before-backend -disable-llvm-verifier -discard-value-names -main-file-name CMakeCCompilerABI.c -mrelocation-model pic -pic-level 2 -pic-is-pie -mframe-pointer=all -ffp-contract=on -fno-rounding-math -mconstructor-aliases -funwind-tables=2 -target-cpu i686 -target-feature +ssse3 -tune-cpu generic -debug-info-kind=constructor -dwarf-version=4 -debugger-tuning=gdb -fdebug-compilation-dir=/home/chaolee/AndroidStudioProjects/Karaoke/extensions/ffmpeg/src/main/jni/libyuv/build-x86/CMakeFiles/CMakeTmp -v -ffunction-sections -fdata-sections -fcoverage-compilation-dir=/home/chaolee/AndroidStudioProjects/Karaoke/extensions/ffmpeg/src/main/jni/libyuv/build-x86/CMakeFiles/CMakeTmp -resource-dir /home/chaolee/Android/Sdk/ndk/27.3.13750724/toolchains/llvm/prebuilt/linux-x86_64/lib/clang/18 -dependency-file CMakeFiles/cmTC_5f549.dir/CMakeCCompilerABI.c.o.d -MT CMakeFiles/cmTC_5f549.dir/CMakeCCompilerABI.c.o -sys-header-deps -D ANDROID -D __BIONIC_NO_PAGE_SIZE_MACRO -D _FORTIFY_SOURCE=2 -isysroot /home/chaolee/Android/Sdk/ndk/27.3.13750724/toolchains/llvm/prebuilt/linux-x86_64/sysroot -internal-isystem /home/chaolee/Android/Sdk/ndk/27.3.13750724/toolchains/llvm/prebuilt/linux-x86_64/lib/clang/18/include -internal-isystem /home/chaolee/Android/Sdk/ndk/27.3.13750724/toolchains/llvm/prebuilt/linux-x86_64/sysroot/usr/local/include -internal-externc-isystem /home/chaolee/Android/Sdk/ndk/27.3.13750724/toolchains/llvm/prebuilt/linux-x86_64/sysroot/usr/include/i686-linux-android -internal-externc-isystem /home/chaolee/Android/Sdk/ndk/27.3.13750724/toolchains/llvm/prebuilt/linux-x86_64/sysroot/include -internal-externc-isystem /home/chaolee/Android/Sdk/ndk/27.3.13750724/toolchains/llvm/prebuilt/linux-x86_64/sysroot/usr/include -Wformat -ferror-limit 19 -femulated-tls -stack-protector 2 -mstackrealign -fgnuc-version=4.2.1 -D__GCC_HAVE_DWARF2_CFI_ASM=1 -o CMakeFiles/cmTC_5f549.dir/CMakeCCompilerABI.c.o -x c /usr/share/cmake-3.22/Modules/CMakeCCompilerABI.c
clang -cc1 version 18.0.4 based upon LLVM 18.0.4 default target x86_64-unknown-linux-gnu
ignoring nonexistent directory "/home/chaolee/Android/Sdk/ndk/27.3.13750724/toolchains/llvm/prebuilt/linux-x86_64/sysroot/usr/local/include"
ignoring nonexistent directory "/home/chaolee/Android/Sdk/ndk/27.3.13750724/toolchains/llvm/prebuilt/linux-x86_64/sysroot/include"
#include "..." search starts here:
#include <...> search starts here:
 /home/chaolee/Android/Sdk/ndk/27.3.13750724/toolchains/llvm/prebuilt/linux-x86_64/lib/clang/18/include
 /home/chaolee/Android/Sdk/ndk/27.3.13750724/toolchains/llvm/prebuilt/linux-x86_64/sysroot/usr/include/i686-linux-android
 /home/chaolee/Android/Sdk/ndk/27.3.13750724/toolchains/llvm/prebuilt/linux-x86_64/sysroot/usr/include
End of search list.
Linking C executable cmTC_5f549
/usr/bin/cmake -E cmake_link_script CMakeFiles/cmTC_5f549.dir/link.txt --verbose=1
/home/chaolee/Android/Sdk/ndk/27.3.13750724/toolchains/llvm/prebuilt/linux-x86_64/bin/clang --target=i686-none-linux-android23 --sysroot=/home/chaolee/Android/Sdk/ndk/27.3.13750724/toolchains/llvm/prebuilt/linux-x86_64/sysroot -g -DANDROID -fdata-sections -ffunction-sections -funwind-tables -fstack-protector-strong -no-canonical-prefixes -D__BIONIC_NO_PAGE_SIZE_MACRO -mstackrealign -D_FORTIFY_SOURCE=2 -Wformat   -static-libstdc++ -Wl,--build-id=sha1 -Wl,--no-rosegment -Wl,--no-undefined-version -Wl,--fatal-warnings -Wl,--no-undefined -Qunused-arguments   -v CMakeFiles/cmTC_5f549.dir/CMakeCCompilerABI.c.o -o cmTC_5f549 
Android (13691557, +pgo, +bolt, +lto, +mlgo, based on r522817d) clang version 18.0.4 (https://android.googlesource.com/toolchain/llvm-project d8003a456d14a3deb8054cdaa529ffbf02d9b262)
Target: i686-none-linux-android23
Thread model: posix
InstalledDir: /home/chaolee/Android/Sdk/ndk/27.3.13750724/toolchains/llvm/prebuilt/linux-x86_64/bin
 "/home/chaolee/Android/Sdk/ndk/27.3.13750724/toolchains/llvm/prebuilt/linux-x86_64/bin/ld.lld" --sysroot=/home/chaolee/Android/Sdk/ndk/27.3.13750724/toolchains/llvm/prebuilt/linux-x86_64/sysroot -z now -z relro --hash-style=gnu --eh-frame-hdr -m elf_i386 -pie -dynamic-linker /system/bin/linker -o cmTC_5f549 /home/chaolee/Android/Sdk/ndk/27.3.13750724/toolchains/llvm/prebuilt/linux-x86_64/sysroot/usr/lib/i686-linux-android/23/crtbegin_dynamic.o -L/home/chaolee/Android/Sdk/ndk/27.3.13750724/toolchains/llvm/prebuilt/linux-x86_64/lib/clang/18/lib/linux/i386 -L/home/chaolee/Android/Sdk/ndk/27.3.13750724/toolchains/llvm/prebuilt/linux-x86_64/sysroot/usr/lib/i686-linux-android/23 -L/home/chaolee/Android/Sdk/ndk/27.3.13750724/toolchains/llvm/prebuilt/linux-x86_64/sysroot/usr/lib/i686-linux-android -L/home/chaolee/Android/Sdk/ndk/27.3.13750724/toolchains/llvm/prebuilt/linux-x86_64/sysroot/usr/lib --build-id=sha1 --no-rosegment --no-undefined-version --fatal-warnings --no-undefined CMakeFiles/cmTC_5f549.dir/CMakeCCompilerABI.c.o /home/chaolee/Android/Sdk/ndk/27.3.13750724/toolchains/llvm/prebuilt/linux-x86_64/lib/clang/18/lib/linux/libclang_rt.builtins-i686-android.a -l:libunwind.a -ldl -lc /home/chaolee/Android/Sdk/ndk/27.3.13750724/toolchains/llvm/prebuilt/linux-x86_64/lib/clang/18/lib/linux/libclang_rt.builtins-i686-android.a -l:libunwind.a -ldl /home/chaolee/Android/Sdk/ndk/27.3.13750724/toolchains/llvm/prebuilt/linux-x86_64/sysroot/usr/lib/i686-linux-android/23/crtend_android.o
gmake[1]: Leaving directory '/home/chaolee/AndroidStudioProjects/Karaoke/extensions/ffmpeg/src/main/jni/libyuv/build-x86/CMakeFiles/CMakeTmp'



Parsed C implicit include dir info from above output: rv=done
  found start of include info
  found start of implicit include info
    add: [/home/chaolee/Android/Sdk/ndk/27.3.13750724/toolchains/llvm/prebuilt/linux-x86_64/lib/clang/18/include]
    add: [/home/chaolee/Android/Sdk/ndk/27.3.13750724/toolchains/llvm/prebuilt/linux-x86_64/sysroot/usr/include/i686-linux-android]
    add: [/home/chaolee/Android/Sdk/ndk/27.3.13750724/toolchains/llvm/prebuilt/linux-x86_64/sysroot/usr/include]
  end of search list found
  collapse include dir [/home/chaolee/Android/Sdk/ndk/27.3.13750724/toolchains/llvm/prebuilt/linux-x86_64/lib/clang/18/include] ==> [/home/chaolee/Android/Sdk/ndk/27.3.13750724/toolchains/llvm/prebuilt/linux-x86_64/lib/clang/18/include]
  collapse include dir [/home/chaolee/Android/Sdk/ndk/27.3.13750724/toolchains/llvm/prebuilt/linux-x86_64/sysroot/usr/include/i686-linux-android] ==> [/home/chaolee/Android/Sdk/ndk/27.3.13750724/toolchains/llvm/prebuilt/linux-x86_64/sysroot/usr/include/i686-linux-android]
  collapse include dir [/home/chaolee/Android/Sdk/ndk/27.3.13750724/toolchains/llvm/prebuilt/linux-x86_64/sysroot/usr/include] ==> [/home/chaolee/Android/Sdk/ndk/27.3.13750724/toolchains/llvm/prebuilt/linux-x86_64/sysroot/usr/include]
  implicit include dirs: [/home/chaolee/Android/Sdk/ndk/27.3.13750724/toolchains/llvm/prebuilt/linux-x86_64/lib/clang/18/include;/home/chaolee/Android/Sdk/ndk/27.3.13750724/toolchains/llvm/prebuilt/linux-x86_64/sysroot/usr/include/i686-linux-android;/home/chaolee/Android/Sdk/ndk/27.3.13750724/toolchains/llvm/prebuilt/linux-x86_64/sysroot/usr/include]


Parsed C implicit link information from above output:
  link line regex: [^( *|.*[/\])(ld\.lld|CMAKE_LINK_STARTFILE-NOTFOUND|([^/\]+-)?ld|collect2)[^/\]*( |$)]
  ignore line: [Change Dir: /home/chaolee/AndroidStudioProjects/Karaoke/extensions/ffmpeg/src/main/jni/libyuv/build-x86/CMakeFiles/CMakeTmp]
  ignore line: []
  ignore line: [Run Build Command(s):/usr/bin/gmake -f Makefile cmTC_5f549/fast && /usr/bin/gmake  -f CMakeFiles/cmTC_5f549.dir/build.make CMakeFiles/cmTC_5f549.dir/build]
  ignore line: [gmake[1]: Entering directory '/home/chaolee/AndroidStudioProjects/Karaoke/extensions/ffmpeg/src/main/jni/libyuv/build-x86/CMakeFiles/CMakeTmp']
  ignore line: [Building C object CMakeFiles/cmTC_5f549.dir/CMakeCCompilerABI.c.o]
  ignore line: [/home/chaolee/Android/Sdk/ndk/27.3.13750724/toolchains/llvm/prebuilt/linux-x86_64/bin/clang --target=i686-none-linux-android23 --sysroot=/home/chaolee/Android/Sdk/ndk/27.3.13750724/toolchains/llvm/prebuilt/linux-x86_64/sysroot   -g -DANDROID -fdata-sections -ffunction-sections -funwind-tables -fstack-protector-strong -no-canonical-prefixes -D__BIONIC_NO_PAGE_SIZE_MACRO -mstackrealign -D_FORTIFY_SOURCE=2 -Wformat   -fPIE   -v -MD -MT CMakeFiles/cmTC_5f549.dir/CMakeCCompilerABI.c.o -MF CMakeFiles/cmTC_5f549.dir/CMakeCCompilerABI.c.o.d -o CMakeFiles/cmTC_5f549.dir/CMakeCCompilerABI.c.o -c /usr/share/cmake-3.22/Modules/CMakeCCompilerABI.c]
  ignore line: [Android (13691557  +pgo  +bolt  +lto  +mlgo  based on r522817d) clang version 18.0.4 (https://android.googlesource.com/toolchain/llvm-project d8003a456d14a3deb8054cdaa529ffbf02d9b262)]
  ignore line: [Target: i686-none-linux-android23]
  ignore line: [Thread model: posix]
  ignore line: [InstalledDir: /home/chaolee/Android/Sdk/ndk/27.3.13750724/toolchains/llvm/prebuilt/linux-x86_64/bin]
  ignore line: [ (in-process)]
  ignore line: [ "/home/chaolee/Android/Sdk/ndk/27.3.13750724/toolchains/llvm/prebuilt/linux-x86_64/bin/clang" -cc1 -triple i686-none-linux-android23 -emit-obj -mrelax-all -disable-free -clear-ast-before-backend -disable-llvm-verifier -discard-value-names -main-file-name CMakeCCompilerABI.c -mrelocation-model pic -pic-level 2 -pic-is-pie -mframe-pointer=all -ffp-contract=on -fno-rounding-math -mconstructor-aliases -funwind-tables=2 -target-cpu i686 -target-feature +ssse3 -tune-cpu generic -debug-info-kind=constructor -dwarf-version=4 -debugger-tuning=gdb -fdebug-compilation-dir=/home/chaolee/AndroidStudioProjects/Karaoke/extensions/ffmpeg/src/main/jni/libyuv/build-x86/CMakeFiles/CMakeTmp -v -ffunction-sections -fdata-sections -fcoverage-compilation-dir=/home/chaolee/AndroidStudioProjects/Karaoke/extensions/ffmpeg/src/main/jni/libyuv/build-x86/CMakeFiles/CMakeTmp -resource-dir /home/chaolee/Android/Sdk/ndk/27.3.13750724/toolchains/llvm/prebuilt/linux-x86_64/lib/clang/18 -dependency-file CMakeFiles/cmTC_5f549.dir/CMakeCCompilerABI.c.o.d -MT CMakeFiles/cmTC_5f549.dir/CMakeCCompilerABI.c.o -sys-header-deps -D ANDROID -D __BIONIC_NO_PAGE_SIZE_MACRO -D _FORTIFY_SOURCE=2 -isysroot /home/chaolee/Android/Sdk/ndk/27.3.13750724/toolchains/llvm/prebuilt/linux-x86_64/sysroot -internal-isystem /home/chaolee/Android/Sdk/ndk/27.3.13750724/toolchains/llvm/prebuilt/linux-x86_64/lib/clang/18/include -internal-isystem /home/chaolee/Android/Sdk/ndk/27.3.13750724/toolchains/llvm/prebuilt/linux-x86_64/sysroot/usr/local/include -internal-externc-isystem /home/chaolee/Android/Sdk/ndk/27.3.13750724/toolchains/llvm/prebuilt/linux-x86_64/sysroot/usr/include/i686-linux-android -internal-externc-isystem /home/chaolee/Android/Sdk/ndk/27.3.13750724/toolchains/llvm/prebuilt/linux-x86_64/sysroot/include -internal-externc-isystem /home/chaolee/Android/Sdk/ndk/27.3.13750724/toolchains/llvm/prebuilt/linux-x86_64/sysroot/usr/include -Wformat -ferror-limit 19 -femulated-tls -stack-protector 2 -mstackrealign -fgnuc-version=4.2.1 -D__GCC_HAVE_DWARF2_CFI_ASM=1 -o CMakeFiles/cmTC_5f549.dir/CMakeCCompilerABI.c.o -x c /usr/share/cmake-3.22/Modules/CMakeCCompilerABI.c]
  ignore line: [clang -cc1 version 18.0.4 based upon LLVM 18.0.4 default target x86_64-unknown-linux-gnu]
  ignore line: [ignoring nonexistent directory "/home/chaolee/Android/Sdk/ndk/27.3.13750724/toolchains/llvm/prebuilt/linux-x86_64/sysroot/usr/local/include"]
  ignore line: [ignoring nonexistent directory "/home/chaolee/Android/Sdk/ndk/27.3.13750724/toolchains/llvm/prebuilt/linux-x86_64/sysroot/include"]
  ignore line: [#include "..." search starts here:]
  ignore line: [#include <...> search starts here:]
  ignore line: [ /home/chaolee/Android/Sdk/ndk/27.3.13750724/toolchains/llvm/prebuilt/linux-x86_64/lib/clang/18/include]
  ignore line: [ /home/chaolee/Android/Sdk/ndk/27.3.13750724/toolchains/llvm/prebuilt/linux-x86_64/sysroot/usr/include/i686-linux-android]
  ignore line: [ /home/chaolee/Android/Sdk/ndk/27.3.13750724/toolchains/llvm/prebuilt/linux-x86_64/sysroot/usr/include]
  ignore line: [End of search list.]
  ignore line: [Linking C executable cmTC_5f549]
  ignore line: [/usr/bin/cmake -E cmake_link_script CMakeFiles/cmTC_5f549.dir/link.txt --verbose=1]
  ignore line: [/home/chaolee/Android/Sdk/ndk/27.3.13750724/toolchains/llvm/prebuilt/linux-x86_64/bin/clang --target=i686-none-linux-android23 --sysroot=/home/chaolee/Android/Sdk/ndk/27.3.13750724/toolchains/llvm/prebuilt/linux-x86_64/sysroot -g -DANDROID -fdata-sections -ffunction-sections -funwind-tables -fstack-protector-strong -no-canonical-prefixes -D__BIONIC_NO_PAGE_SIZE_MACRO -mstackrealign -D_FORTIFY_SOURCE=2 -Wformat   -static-libstdc++ -Wl --build-id=sha1 -Wl --no-rosegment -Wl --no-undefined-version -Wl --fatal-warnings -Wl --no-undefined -Qunused-arguments   -v CMakeFiles/cmTC_5f549.dir/CMakeCCompilerABI.c.o -o cmTC_5f549 ]
  ignore line: [Android (13691557  +pgo  +bolt  +lto  +mlgo  based on r522817d) clang version 18.0.4 (https://android.googlesource.com/toolchain/llvm-project d8003a456d14a3deb8054cdaa529ffbf02d9b262)]
  ignore line: [Target: i686-none-linux-android23]
  ignore line: [Thread model: posix]
  ignore line: [InstalledDir: /home/chaolee/Android/Sdk/ndk/27.3.13750724/toolchains/llvm/prebuilt/linux-x86_64/bin]
  link line: [ "/home/chaolee/Android/Sdk/ndk/27.3.13750724/toolchains/llvm/prebuilt/linux-x86_64/bin/ld.lld" --sysroot=/home/chaolee/Android/Sdk/ndk/27.3.13750724/toolchains/llvm/prebuilt/linux-x86_64/sysroot -z now -z relro --hash-style=gnu --eh-frame-hdr -m elf_i386 -pie -dynamic-linker /system/bin/linker -o cmTC_5f549 /home/chaolee/Android/Sdk/ndk/27.3.13750724/toolchains/llvm/prebuilt/linux-x86_64/sysroot/usr/lib/i686-linux-android/23/crtbegin_dynamic.o -L/home/chaolee/Android/Sdk/ndk/27.3.13750724/toolchains/llvm/prebuilt/linux-x86_64/lib/clang/18/lib/linux/i386 -L/home/chaolee/Android/Sdk/ndk/27.3.13750724/toolchains/llvm/prebuilt/linux-x86_64/sysroot/usr/lib/i686-linux-android/23 -L/home/chaolee/Android/Sdk/ndk/27.3.13750724/toolchains/llvm/prebuilt/linux-x86_64/sysroot/usr/lib/i686-linux-android -L/home/chaolee/Android/Sdk/ndk/27.3.13750724/toolchains/llvm/prebuilt/linux-x86_64/sysroot/usr/lib --build-id=sha1 --no-rosegment --no-undefined-version --fatal-warnings --no-undefined CMakeFiles/cmTC_5f549.dir/CMakeCCompilerABI.c.o /home/chaolee/Android/Sdk/ndk/27.3.13750724/toolchains/llvm/prebuilt/linux-x86_64/lib/clang/18/lib/linux/libclang_rt.builtins-i686-android.a -l:libunwind.a -ldl -lc /home/chaolee/Android/Sdk/ndk/27.3.13750724/toolchains/llvm/prebuilt/linux-x86_64/lib/clang/18/lib/linux/libclang_rt.builtins-i686-android.a -l:libunwind.a -ldl /home/chaolee/Android/Sdk/ndk/27.3.13750724/toolchains/llvm/prebuilt/linux-x86_64/sysroot/usr/lib/i686-linux-android/23/crtend_android.o]
    arg [/home/chaolee/Android/Sdk/ndk/27.3.13750724/toolchains/llvm/prebuilt/linux-x86_64/bin/ld.lld] ==> ignore
    arg [--sysroot=/home/chaolee/Android/Sdk/ndk/27.3.13750724/toolchains/llvm/prebuilt/linux-x86_64/sysroot] ==> ignore
    arg [-znow] ==> ignore
    arg [-zrelro] ==> ignore
    arg [--hash-style=gnu] ==> ignore
    arg [--eh-frame-hdr] ==> ignore
    arg [-m] ==> ignore
    arg [elf_i386] ==> ignore
    arg [-pie] ==> ignore
    arg [-dynamic-linker] ==> ignore
    arg [/system/bin/linker] ==> ignore
    arg [-o] ==> ignore
    arg [cmTC_5f549] ==> ignore
    arg [/home/chaolee/Android/Sdk/ndk/27.3.13750724/toolchains/llvm/prebuilt/linux-x86_64/sysroot/usr/lib/i686-linux-android/23/crtbegin_dynamic.o] ==> obj [/home/chaolee/Android/Sdk/ndk/27.3.13750724/toolchains/llvm/prebuilt/linux-x86_64/sysroot/usr/lib/i686-linux-android/23/crtbegin_dynamic.o]
    arg [-L/home/chaolee/Android/Sdk/ndk/27.3.13750724/toolchains/llvm/prebuilt/linux-x86_64/lib/clang/18/lib/linux/i386] ==> dir [/home/chaolee/Android/Sdk/ndk/27.3.13750724/toolchains/llvm/prebuilt/linux-x86_64/lib/clang/18/lib/linux/i386]
    arg [-L/home/chaolee/Android/Sdk/ndk/27.3.13750724/toolchains/llvm/prebuilt/linux-x86_64/sysroot/usr/lib/i686-linux-android/23] ==> dir [/home/chaolee/Android/Sdk/ndk/27.3.13750724/toolchains/llvm/prebuilt/linux-x86_64/sysroot/usr/lib/i686-linux-android/23]
    arg [-L/home/chaolee/Android/Sdk/ndk/27.3.13750724/toolchains/llvm/prebuilt/linux-x86_64/sysroot/usr/lib/i686-linux-android] ==> dir [/home/chaolee/Android/Sdk/ndk/27.3.13750724/toolchains/llvm/prebuilt/linux-x86_64/sysroot/usr/lib/i686-linux-android]
    arg [-L/home/chaolee/Android/Sdk/ndk/27.3.13750724/toolchains/llvm/prebuilt/linux-x86_64/sysroot/usr/lib] ==> dir [/home/chaolee/Android/Sdk/ndk/27.3.13750724/toolchains/llvm/prebuilt/linux-x86_64/sysroot/usr/lib]
    arg [--build-id=sha1] ==> ignore
    arg [--no-rosegment] ==> ignore
    arg [--no-undefined-version] ==> ignore
    arg [--fatal-warnings] ==> ignore
    arg [--no-undefined] ==> ignore
    arg [CMakeFiles/cmTC_5f549.dir/CMakeCCompilerABI.c.o] ==> ignore
    arg [/home/chaolee/Android/Sdk/ndk/27.3.13750724/toolchains/llvm/prebuilt/linux-x86_64/lib/clang/18/lib/linux/libclang_rt.builtins-i686-android.a] ==> lib [/home/chaolee/Android/Sdk/ndk/27.3.13750724/toolchains/llvm/prebuilt/linux-x86_64/lib/clang/18/lib/linux/libclang_rt.builtins-i686-android.a]
    arg [-l:libunwind.a] ==> lib [-l:libunwind.a]
    arg [-ldl] ==> lib [dl]
    arg [-lc] ==> lib [c]
    arg [/home/chaolee/Android/Sdk/ndk/27.3.13750724/toolchains/llvm/prebuilt/linux-x86_64/lib/clang/18/lib/linux/libclang_rt.builtins-i686-android.a] ==> lib [/home/chaolee/Android/Sdk/ndk/27.3.13750724/toolchains/llvm/prebuilt/linux-x86_64/lib/clang/18/lib/linux/libclang_rt.builtins-i686-android.a]
    arg [-l:libunwind.a] ==> lib [-l:libunwind.a]
    arg [-ldl] ==> lib [dl]
    arg [/home/chaolee/Android/Sdk/ndk/27.3.13750724/toolchains/llvm/prebuilt/linux-x86_64/sysroot/usr/lib/i686-linux-android/23/crtend_android.o] ==> obj [/home/chaolee/Android/Sdk/ndk/27.3.13750724/toolchains/llvm/prebuilt/linux-x86_64/sysroot/usr/lib/i686-linux-android/23/crtend_android.o]
  remove lib [/home/chaolee/Android/Sdk/ndk/27.3.13750724/toolchains/llvm/prebuilt/linux-x86_64/lib/clang/18/lib/linux/libclang_rt.builtins-i686-android.a]
  remove lib [/home/chaolee/Android/Sdk/ndk/27.3.13750724/toolchains/llvm/prebuilt/linux-x86_64/lib/clang/18/lib/linux/libclang_rt.builtins-i686-android.a]
  collapse library dir [/home/chaolee/Android/Sdk/ndk/27.3.13750724/toolchains/llvm/prebuilt/linux-x86_64/lib/clang/18/lib/linux/i386] ==> [/home/chaolee/Android/Sdk/ndk/27.3.13750724/toolchains/llvm/prebuilt/linux-x86_64/lib/clang/18/lib/linux/i386]
  collapse library dir [/home/chaolee/Android/Sdk/ndk/27.3.13750724/toolchains/llvm/prebuilt/linux-x86_64/sysroot/usr/lib/i686-linux-android/23] ==> [/home/chaolee/Android/Sdk/ndk/27.3.13750724/toolchains/llvm/prebuilt/linux-x86_64/sysroot/usr/lib/i686-linux-android/23]
  collapse library dir [/home/chaolee/Android/Sdk/ndk/27.3.13750724/toolchains/llvm/prebuilt/linux-x86_64/sysroot/usr/lib/i686-linux-android] ==> [/home/chaolee/Android/Sdk/ndk/27.3.13750724/toolchains/llvm/prebuilt/linux-x86_64/sysroot/usr/lib/i686-linux-android]
  collapse library dir [/home/chaolee/Android/Sdk/ndk/27.3.13750724/toolchains/llvm/prebuilt/linux-x86_64/sysroot/usr/lib] ==> [/home/chaolee/Android/Sdk/ndk/27.3.13750724/toolchains/llvm/prebuilt/linux-x86_64/sysroot/usr/lib]
  implicit libs: [-l:libunwind.a;dl;c;-l:libunwind.a;dl]
  implicit objs: [/home/chaolee/Android/Sdk/ndk/27.3.13750724/toolchains/llvm/prebuilt/linux-x86_64/sysroot/usr/lib/i686-linux-android/23/crtbegin_dynamic.o;/home/chaolee/Android/Sdk/ndk/27.3.13750724/toolchains/llvm/prebuilt/linux-x86_64/sysroot/usr/lib/i686-linux-android/23/crtend_android.o]
  implicit dirs: [/home/chaolee/Android/Sdk/ndk/27.3.13750724/toolchains/llvm/prebuilt/linux-x86_64/lib/clang/18/lib/linux/i386;/home/chaolee/Android/Sdk/ndk/27.3.13750724/toolchains/llvm/prebuilt/linux-x86_64/sysroot/usr/lib/i686-linux-android/23;/home/chaolee/Android/Sdk/ndk/27.3.13750724/toolchains/llvm/prebuilt/linux-x86_64/sysroot/usr/lib/i686-linux-android;/home/chaolee/Android/Sdk/ndk/27.3.13750724/toolchains/llvm/prebuilt/linux-x86_64/sysroot/usr/lib]
  implicit fwks: []


Detecting CXX compiler ABI info compiled with the following output:
Change Dir: /home/chaolee/AndroidStudioProjects/Karaoke/extensions/ffmpeg/src/main/jni/libyuv/build-x86/CMakeFiles/CMakeTmp

Run Build Command(s):/usr/bin/gmake -f Makefile cmTC_396d2/fast && /usr/bin/gmake  -f CMakeFiles/cmTC_396d2.dir/build.make CMakeFiles/cmTC_396d2.dir/build
gmake[1]: Entering directory '/home/chaolee/AndroidStudioProjects/Karaoke/extensions/ffmpeg/src/main/jni/libyuv/build-x86/CMakeFiles/CMakeTmp'
Building CXX object CMakeFiles/cmTC_396d2.dir/CMakeCXXCompilerABI.cpp.o
/home/chaolee/Android/Sdk/ndk/27.3.13750724/toolchains/llvm/prebuilt/linux-x86_64/bin/clang++ --target=i686-none-linux-android23 --sysroot=/home/chaolee/Android/Sdk/ndk/27.3.13750724/toolchains/llvm/prebuilt/linux-x86_64/sysroot   -g -DANDROID -fdata-sections -ffunction-sections -funwind-tables -fstack-protector-strong -no-canonical-prefixes -D__BIONIC_NO_PAGE_SIZE_MACRO -mstackrealign -D_FORTIFY_SOURCE=2 -Wformat    -fPIE   -v -MD -MT CMakeFiles/cmTC_396d2.dir/CMakeCXXCompilerABI.cpp.o -MF CMakeFiles/cmTC_396d2.dir/CMakeCXXCompilerABI.cpp.o.d -o CMakeFiles/cmTC_396d2.dir/CMakeCXXCompilerABI.cpp.o -c /usr/share/cmake-3.22/Modules/CMakeCXXCompilerABI.cpp
Android (13691557, +pgo, +bolt, +lto, +mlgo, based on r522817d) clang version 18.0.4 (https://android.googlesource.com/toolchain/llvm-project d8003a456d14a3deb8054cdaa529ffbf02d9b262)
Target: i686-none-linux-android23
Thread model: posix
InstalledDir: /home/chaolee/Android/Sdk/ndk/27.3.13750724/toolchains/llvm/prebuilt/linux-x86_64/bin
 (in-process)
 "/home/chaolee/Android/Sdk/ndk/27.3.13750724/toolchains/llvm/prebuilt/linux-x86_64/bin/clang++" -cc1 -triple i686-none-linux-android23 -emit-obj -mrelax-all -disable-free -clear-ast-before-backend -disable-llvm-verifier -discard-value-names -main-file-name CMakeCXXCompilerABI.cpp -mrelocation-model pic -pic-level 2 -pic-is-pie -mframe-pointer=all -ffp-contract=on -fno-rounding-math -mconstructor-aliases -funwind-tables=2 -target-cpu i686 -target-feature +ssse3 -tune-cpu generic -debug-info-kind=constructor -dwarf-version=4 -debugger-tuning=gdb -fdebug-compilation-dir=/home/chaolee/AndroidStudioProjects/Karaoke/extensions/ffmpeg/src/main/jni/libyuv/build-x86/CMakeFiles/CMakeTmp -v -ffunction-sections -fdata-sections -fcoverage-compilation-dir=/home/chaolee/AndroidStudioProjects/Karaoke/extensions/ffmpeg/src/main/jni/libyuv/build-x86/CMakeFiles/CMakeTmp -resource-dir /home/chaolee/Android/Sdk/ndk/27.3.13750724/toolchains/llvm/prebuilt/linux-x86_64/lib/clang/18 -dependency-file CMakeFiles/cmTC_396d2.dir/CMakeCXXCompilerABI.cpp.o.d -MT CMakeFiles/cmTC_396d2.dir/CMakeCXXCompilerABI.cpp.o -sys-header-deps -D ANDROID -D __BIONIC_NO_PAGE_SIZE_MACRO -D _FORTIFY_SOURCE=2 -isysroot /home/chaolee/Android/Sdk/ndk/27.3.13750724/toolchains/llvm/prebuilt/linux-x86_64/sysroot -internal-isystem /home/chaolee/Android/Sdk/ndk/27.3.13750724/toolchains/llvm/prebuilt/linux-x86_64/sysroot/usr/include/c++/v1 -internal-isystem /home/chaolee/Android/Sdk/ndk/27.3.13750724/toolchains/llvm/prebuilt/linux-x86_64/lib/clang/18/include -internal-isystem /home/chaolee/Android/Sdk/ndk/27.3.13750724/toolchains/llvm/prebuilt/linux-x86_64/sysroot/usr/local/include -internal-externc-isystem /home/chaolee/Android/Sdk/ndk/27.3.13750724/toolchains/llvm/prebuilt/linux-x86_64/sysroot/usr/include/i686-linux-android -internal-externc-isystem /home/chaolee/Android/Sdk/ndk/27.3.13750724/toolchains/llvm/prebuilt/linux-x86_64/sysroot/include -internal-externc-isystem /home/chaolee/Android/Sdk/ndk/27.3.13750724/toolchains/llvm/prebuilt/linux-x86_64/sysroot/usr/include -Wformat -fdeprecated-macro -ferror-limit 19 -femulated-tls -stack-protector 2 -mstackrealign -fgnuc-version=4.2.1 -fcxx-exceptions -fexceptions -D__GCC_HAVE_DWARF2_CFI_ASM=1 -o CMakeFiles/cmTC_396d2.dir/CMakeCXXCompilerABI.cpp.o -x c++ /usr/share/cmake-3.22/Modules/CMakeCXXCompilerABI.cpp
clang -cc1 version 18.0.4 based upon LLVM 18.0.4 default target x86_64-unknown-linux-gnu
ignoring nonexistent directory "/home/chaolee/Android/Sdk/ndk/27.3.13750724/toolchains/llvm/prebuilt/linux-x86_64/sysroot/usr/local/include"
ignoring nonexistent directory "/home/chaolee/Android/Sdk/ndk/27.3.13750724/toolchains/llvm/prebuilt/linux-x86_64/sysroot/include"
#include "..." search starts here:
#include <...> search starts here:
 /home/chaolee/Android/Sdk/ndk/27.3.13750724/toolchains/llvm/prebuilt/linux-x86_64/sysroot/usr/include/c++/v1
 /home/chaolee/Android/Sdk/ndk/27.3.13750724/toolchains/llvm/prebuilt/linux-x86_64/lib/clang/18/include
 /home/chaolee/Android/Sdk/ndk/27.3.13750724/toolchains/llvm/prebuilt/linux-x86_64/sysroot/usr/include/i686-linux-android
 /home/chaolee/Android/Sdk/ndk/27.3.13750724/toolchains/llvm/prebuilt/linux-x86_64/sysroot/usr/include
End of search list.
Linking CXX executable cmTC_396d2
/usr/bin/cmake -E cmake_link_script CMakeFiles/cmTC_396d2.dir/link.txt --verbose=1
/home/chaolee/Android/Sdk/ndk/27.3.13750724/toolchains/llvm/prebuilt/linux-x86_64/bin/clang++ --target=i686-none-linux-android23 --sysroot=/home/chaolee/Android/Sdk/ndk/27.3.13750724/toolchains/llvm/prebuilt/linux-x86_64/sysroot -g -DANDROID -fdata-sections -ffunction-sections -funwind-tables -fstack-protector-strong -no-canonical-prefixes -D__BIONIC_NO_PAGE_SIZE_MACRO -mstackrealign -D_FORTIFY_SOURCE=2 -Wformat    -static-libstdc++ -Wl,--build-id=sha1 -Wl,--no-rosegment -Wl,--no-undefined-version -Wl,--fatal-warnings -Wl,--no-undefined -Qunused-arguments   -v CMakeFiles/cmTC_396d2.dir/CMakeCXXCompilerABI.cpp.o -o cmTC_396d2 
Android (13691557, +pgo, +bolt, +lto, +mlgo, based on r522817d) clang version 18.0.4 (https://android.googlesource.com/toolchain/llvm-project d8003a456d14a3deb8054cdaa529ffbf02d9b262)
Target: i686-none-linux-android23
Thread model: posix
InstalledDir: /home/chaolee/Android/Sdk/ndk/27.3.13750724/toolchains/llvm/prebuilt/linux-x86_64/bin
 "/home/chaolee/Android/Sdk/ndk/27.3.13750724/toolchains/llvm/prebuilt/linux-x86_64/bin/ld.lld" --sysroot=/home/chaolee/Android/Sdk/ndk/27.3.13750724/toolchains/llvm/prebuilt/linux-x86_64/sysroot -z now -z relro --hash-style=gnu --eh-frame-hdr -m elf_i386 -pie -dynamic-linker /system/bin/linker -o cmTC_396d2 /home/chaolee/Android/Sdk/ndk/27.3.13750724/toolchains/llvm/prebuilt/linux-x86_64/sysroot/usr/lib/i686-linux-android/23/crtbegin_dynamic.o -L/home/chaolee/Android/Sdk/ndk/27.3.13750724/toolchains/llvm/prebuilt/linux-x86_64/lib/clang/18/lib/linux/i386 -L/home/chaolee/Android/Sdk/ndk/27.3.13750724/toolchains/llvm/prebuilt/linux-x86_64/sysroot/usr/lib/i686-linux-android/23 -L/home/chaolee/Android/Sdk/ndk/27.3.13750724/toolchains/llvm/prebuilt/linux-x86_64/sysroot/usr/lib/i686-linux-android -L/home/chaolee/Android/Sdk/ndk/27.3.13750724/toolchains/llvm/prebuilt/linux-x86_64/sysroot/usr/lib --build-id=sha1 --no-rosegment --no-undefined-version --fatal-warnings --no-undefined CMakeFiles/cmTC_396d2.dir/CMakeCXXCompilerABI.cpp.o -Bstatic -lc++ -Bdynamic -lm /home/chaolee/Android/Sdk/ndk/27.3.13750724/toolchains/llvm/prebuilt/linux-x86_64/lib/clang/18/lib/linux/libclang_rt.builtins-i686-android.a -l:libunwind.a -ldl -lc /home/chaolee/Android/Sdk/ndk/27.3.13750724/toolchains/llvm/prebuilt/linux-x86_64/lib/clang/18/lib/linux/libclang_rt.builtins-i686-android.a -l:libunwind.a -ldl /home/chaolee/Android/Sdk/ndk/27.3.13750724/toolchains/llvm/prebuilt/linux-x86_64/sysroot/usr/lib/i686-linux-android/23/crtend_android.o
gmake[1]: Leaving directory '/home/chaolee/AndroidStudioProjects/Karaoke/extensions/ffmpeg/src/main/jni/libyuv/build-x86/CMakeFiles/CMakeTmp'



Parsed CXX implicit include dir info from above output: rv=done
  found start of include info
  found start of implicit include info
    add: [/home/chaolee/Android/Sdk/ndk/27.3.13750724/toolchains/llvm/prebuilt/linux-x86_64/sysroot/usr/include/c++/v1]
    add: [/home/chaolee/Android/Sdk/ndk/27.3.13750724/toolchains/llvm/prebuilt/linux-x86_64/lib/clang/18/include]
    add: [/home/chaolee/Android/Sdk/ndk/27.3.13750724/toolchains/llvm/prebuilt/linux-x86_64/sysroot/usr/include/i686-linux-android]
    add: [/home/chaolee/Android/Sdk/ndk/27.3.13750724/toolchains/llvm/prebuilt/linux-x86_64/sysroot/usr/include]
  end of search list found
  collapse include dir [/home/chaolee/Android/Sdk/ndk/27.3.13750724/toolchains/llvm/prebuilt/linux-x86_64/sysroot/usr/include/c++/v1] ==> [/home/chaolee/Android/Sdk/ndk/27.3.13750724/toolchains/llvm/prebuilt/linux-x86_64/sysroot/usr/include/c++/v1]
  collapse include dir [/home/chaolee/Android/Sdk/ndk/27.3.13750724/toolchains/llvm/prebuilt/linux-x86_64/lib/clang/18/include] ==> [/home/chaolee/Android/Sdk/ndk/27.3.13750724/toolchains/llvm/prebuilt/linux-x86_64/lib/clang/18/include]
  collapse include dir [/home/chaolee/Android/Sdk/ndk/27.3.13750724/toolchains/llvm/prebuilt/linux-x86_64/sysroot/usr/include/i686-linux-android] ==> [/home/chaolee/Android/Sdk/ndk/27.3.13750724/toolchains/llvm/prebuilt/linux-x86_64/sysroot/usr/include/i686-linux-android]
  collapse include dir [/home/chaolee/Android/Sdk/ndk/27.3.13750724/toolchains/llvm/prebuilt/linux-x86_64/sysroot/usr/include] ==> [/home/chaolee/Android/Sdk/ndk/27.3.13750724/toolchains/llvm/prebuilt/linux-x86_64/sysroot/usr/include]
  implicit include dirs: [/home/chaolee/Android/Sdk/ndk/27.3.13750724/toolchains/llvm/prebuilt/linux-x86_64/sysroot/usr/include/c++/v1;/home/chaolee/Android/Sdk/ndk/27.3.13750724/toolchains/llvm/prebuilt/linux-x86_64/lib/clang/18/include;/home/chaolee/Android/Sdk/ndk/27.3.13750724/toolchains/llvm/prebuilt/linux-x86_64/sysroot/usr/include/i686-linux-android;/home/chaolee/Android/Sdk/ndk/27.3.13750724/toolchains/llvm/prebuilt/linux-x86_64/sysroot/usr/include]


Parsed CXX implicit link information from above output:
  link line regex: [^( *|.*[/\])(ld\.lld|CMAKE_LINK_STARTFILE-NOTFOUND|([^/\]+-)?ld|collect2)[^/\]*( |$)]
  ignore line: [Change Dir: /home/chaolee/AndroidStudioProjects/Karaoke/extensions/ffmpeg/src/main/jni/libyuv/build-x86/CMakeFiles/CMakeTmp]
  ignore line: []
  ignore line: [Run Build Command(s):/usr/bin/gmake -f Makefile cmTC_396d2/fast && /usr/bin/gmake  -f CMakeFiles/cmTC_396d2.dir/build.make CMakeFiles/cmTC_396d2.dir/build]
  ignore line: [gmake[1]: Entering directory '/home/chaolee/AndroidStudioProjects/Karaoke/extensions/ffmpeg/src/main/jni/libyuv/build-x86/CMakeFiles/CMakeTmp']
  ignore line: [Building CXX object CMakeFiles/cmTC_396d2.dir/CMakeCXXCompilerABI.cpp.o]
  ignore line: [/home/chaolee/Android/Sdk/ndk/27.3.13750724/toolchains/llvm/prebuilt/linux-x86_64/bin/clang++ --target=i686-none-linux-android23 --sysroot=/home/chaolee/Android/Sdk/ndk/27.3.13750724/toolchains/llvm/prebuilt/linux-x86_64/sysroot   -g -DANDROID -fdata-sections -ffunction-sections -funwind-tables -fstack-protector-strong -no-canonical-prefixes -D__BIONIC_NO_PAGE_SIZE_MACRO -mstackrealign -D_FORTIFY_SOURCE=2 -Wformat    -fPIE   -v -MD -MT CMakeFiles/cmTC_396d2.dir/CMakeCXXCompilerABI.cpp.o -MF CMakeFiles/cmTC_396d2.dir/CMakeCXXCompilerABI.cpp.o.d -o CMakeFiles/cmTC_396d2.dir/CMakeCXXCompilerABI.cpp.o -c /usr/share/cmake-3.22/Modules/CMakeCXXCompilerABI.cpp]
  ignore line: [Android (13691557  +pgo  +bolt  +lto  +mlgo  based on r522817d) clang version 18.0.4 (https://android.googlesource.com/toolchain/llvm-project d8003a456d14a3deb8054cdaa529ffbf02d9b262)]
  ignore line: [Target: i686-none-linux-android23]
  ignore line: [Thread model: posix]
  ignore line: [InstalledDir: /home/chaolee/Android/Sdk/ndk/27.3.13750724/toolchains/llvm/prebuilt/linux-x86_64/bin]
  ignore line: [ (in-process)]
  ignore line: [ "/home/chaolee/Android/Sdk/ndk/27.3.13750724/toolchains/llvm/prebuilt/linux-x86_64/bin/clang++" -cc1 -triple i686-none-linux-android23 -emit-obj -mrelax-all -disable-free -clear-ast-before-backend -disable-llvm-verifier -discard-value-names -main-file-name CMakeCXXCompilerABI.cpp -mrelocation-model pic -pic-level 2 -pic-is-pie -mframe-pointer=all -ffp-contract=on -fno-rounding-math -mconstructor-aliases -funwind-tables=2 -target-cpu i686 -target-feature +ssse3 -tune-cpu generic -debug-info-kind=constructor -dwarf-version=4 -debugger-tuning=gdb -fdebug-compilation-dir=/home/chaolee/AndroidStudioProjects/Karaoke/extensions/ffmpeg/src/main/jni/libyuv/build-x86/CMakeFiles/CMakeTmp -v -ffunction-sections -fdata-sections -fcoverage-compilation-dir=/home/chaolee/AndroidStudioProjects/Karaoke/extensions/ffmpeg/src/main/jni/libyuv/build-x86/CMakeFiles/CMakeTmp -resource-dir /home/chaolee/Android/Sdk/ndk/27.3.13750724/toolchains/llvm/prebuilt/linux-x86_64/lib/clang/18 -dependency-file CMakeFiles/cmTC_396d2.dir/CMakeCXXCompilerABI.cpp.o.d -MT CMakeFiles/cmTC_396d2.dir/CMakeCXXCompilerABI.cpp.o -sys-header-deps -D ANDROID -D __BIONIC_NO_PAGE_SIZE_MACRO -D _FORTIFY_SOURCE=2 -isysroot /home/chaolee/Android/Sdk/ndk/27.3.13750724/toolchains/llvm/prebuilt/linux-x86_64/sysroot -internal-isystem /home/chaolee/Android/Sdk/ndk/27.3.13750724/toolchains/llvm/prebuilt/linux-x86_64/sysroot/usr/include/c++/v1 -internal-isystem /home/chaolee/Android/Sdk/ndk/27.3.13750724/toolchains/llvm/prebuilt/linux-x86_64/lib/clang/18/include -internal-isystem /home/chaolee/Android/Sdk/ndk/27.3.13750724/toolchains/llvm/prebuilt/linux-x86_64/sysroot/usr/local/include -internal-externc-isystem /home/chaolee/Android/Sdk/ndk/27.3.13750724/toolchains/llvm/prebuilt/linux-x86_64/sysroot/usr/include/i686-linux-android -internal-externc-isystem /home/chaolee/Android/Sdk/ndk/27.3.13750724/toolchains/llvm/prebuilt/linux-x86_64/sysroot/include -internal-externc-isystem /home/chaolee/Android/Sdk/ndk/27.3.13750724/toolchains/llvm/prebuilt/linux-x86_64/sysroot/usr/include -Wformat -fdeprecated-macro -ferror-limit 19 -femulated-tls -stack-protector 2 -mstackrealign -fgnuc-version=4.2.1 -fcxx-exceptions -fexceptions -D__GCC_HAVE_DWARF2_CFI_ASM=1 -o CMakeFiles/cmTC_396d2.dir/CMakeCXXCompilerABI.cpp.o -x c++ /usr/share/cmake-3.22/Modules/CMakeCXXCompilerABI.cpp]
  ignore line: [clang -cc1 version 18.0.4 based upon LLVM 18.0.4 default target x86_64-unknown-linux-gnu]
  ignore line: [ignoring nonexistent directory "/home/chaolee/Android/Sdk/ndk/27.3.13750724/toolchains/llvm/prebuilt/linux-x86_64/sysroot/usr/local/include"]
  ignore line: [ignoring nonexistent directory "/home/chaolee/Android/Sdk/ndk/27.3.13750724/toolchains/llvm/prebuilt/linux-x86_64/sysroot/include"]
  ignore line: [#include "..." search starts here:]
  ignore line: [#include <...> search starts here:]
  ignore line: [ /home/chaolee/Android/Sdk/ndk/27.3.13750724/toolchains/llvm/prebuilt/linux-x86_64/sysroot/usr/include/c++/v1]
  ignore line: [ /home/chaolee/Android/Sdk/ndk/27.3.13750724/toolchains/llvm/prebuilt/linux-x86_64/lib/clang/18/include]
  ignore line: [ /home/chaolee/Android/Sdk/ndk/27.3.13750724/toolchains/llvm/prebuilt/linux-x86_64/sysroot/usr/include/i686-linux-android]
  ignore line: [ /home/chaolee/Android/Sdk/ndk/27.3.13750724/toolchains/llvm/prebuilt/linux-x86_64/sysroot/usr/include]
  ignore line: [End of search list.]
  ignore line: [Linking CXX executable cmTC_396d2]
  ignore line: [/usr/bin/cmake -E cmake_link_script CMakeFiles/cmTC_396d2.dir/link.txt --verbose=1]
  ignore line: [/home/chaolee/Android/Sdk/ndk/27.3.13750724/toolchains/llvm/prebuilt/linux-x86_64/bin/clang++ --target=i686-none-linux-android23 --sysroot=/home/chaolee/Android/Sdk/ndk/27.3.13750724/toolchains/llvm/prebuilt/linux-x86_64/sysroot -g -DANDROID -fdata-sections -ffunction-sections -funwind-tables -fstack-protector-strong -no-canonical-prefixes -D__BIONIC_NO_PAGE_SIZE_MACRO -mstackrealign -D_FORTIFY_SOURCE=2 -Wformat    -static-libstdc++ -Wl --build-id=sha1 -Wl --no-rosegment -Wl --no-undefined-version -Wl --fatal-warnings -Wl --no-undefined -Qunused-arguments   -v CMakeFiles/cmTC_396d2.dir/CMakeCXXCompilerABI.cpp.o -o cmTC_396d2 ]
  ignore line: [Android (13691557  +pgo  +bolt  +lto  +mlgo  based on r522817d) clang version 18.0.4 (https://android.googlesource.com/toolchain/llvm-project d8003a456d14a3deb8054cdaa529ffbf02d9b262)]
  ignore line: [Target: i686-none-linux-android23]
  ignore line: [Thread model: posix]
  ignore line: [InstalledDir: /home/chaolee/Android/Sdk/ndk/27.3.13750724/toolchains/llvm/prebuilt/linux-x86_64/bin]
  link line: [ "/home/chaolee/Android/Sdk/ndk/27.3.13750724/toolchains/llvm/prebuilt/linux-x86_64/bin/ld.lld" --sysroot=/home/chaolee/Android/Sdk/ndk/27.3.13750724/toolchains/llvm/prebuilt/linux-x86_64/sysroot -z now -z relro --hash-style=gnu --eh-frame-hdr -m elf_i386 -pie -dynamic-linker /system/bin/linker -o cmTC_396d2 /home/chaolee/Android/Sdk/ndk/27.3.13750724/toolchains/llvm/prebuilt/linux-x86_64/sysroot/usr/lib/i686-linux-android/23/crtbegin_dynamic.o -L/home/chaolee/Android/Sdk/ndk/27.3.13750724/toolchains/llvm/prebuilt/linux-x86_64/lib/clang/18/lib/linux/i386 -L/home/chaolee/Android/Sdk/ndk/27.3.13750724/toolchains/llvm/prebuilt/linux-x86_64/sysroot/usr/lib/i686-linux-android/23 -L/home/chaolee/Android/Sdk/ndk/27.3.13750724/toolchains/llvm/prebuilt/linux-x86_64/sysroot/usr/lib/i686-linux-android -L/home/chaolee/Android/Sdk/ndk/27.3.13750724/toolchains/llvm/prebuilt/linux-x86_64/sysroot/usr/lib --build-id=sha1 --no-rosegment --no-undefined-version --fatal-warnings --no-undefined CMakeFiles/cmTC_396d2.dir/CMakeCXXCompilerABI.cpp.o -Bstatic -lc++ -Bdynamic -lm /home/chaolee/Android/Sdk/ndk/27.3.13750724/toolchains/llvm/prebuilt/linux-x86_64/lib/clang/18/lib/linux/libclang_rt.builtins-i686-android.a -l:libunwind.a -ldl -lc /home/chaolee/Android/Sdk/ndk/27.3.13750724/toolchains/llvm/prebuilt/linux-x86_64/lib/clang/18/lib/linux/libclang_rt.builtins-i686-android.a -l:libunwind.a -ldl /home/chaolee/Android/Sdk/ndk/27.3.13750724/toolchains/llvm/prebuilt/linux-x86_64/sysroot/usr/lib/i686-linux-android/23/crtend_android.o]
    arg [/home/chaolee/Android/Sdk/ndk/27.3.13750724/toolchains/llvm/prebuilt/linux-x86_64/bin/ld.lld] ==> ignore
    arg [--sysroot=/home/chaolee/Android/Sdk/ndk/27.3.13750724/toolchains/llvm/prebuilt/linux-x86_64/sysroot] ==> ignore
    arg [-znow] ==> ignore
    arg [-zrelro] ==> ignore
    arg [--hash-style=gnu] ==> ignore
    arg [--eh-frame-hdr] ==> ignore
    arg [-m] ==> ignore
    arg [elf_i386] ==> ignore
    arg [-pie] ==> ignore
    arg [-dynamic-linker] ==> ignore
    arg [/system/bin/linker] ==> ignore
    arg [-o] ==> ignore
    arg [cmTC_396d2] ==> ignore
    arg [/home/chaolee/Android/Sdk/ndk/27.3.13750724/toolchains/llvm/prebuilt/linux-x86_64/sysroot/usr/lib/i686-linux-android/23/crtbegin_dynamic.o] ==> obj [/home/chaolee/Android/Sdk/ndk/27.3.13750724/toolchains/llvm/prebuilt/linux-x86_64/sysroot/usr/lib/i686-linux-android/23/crtbegin_dynamic.o]
    arg [-L/home/chaolee/Android/Sdk/ndk/27.3.13750724/toolchains/llvm/prebuilt/linux-x86_64/lib/clang/18/lib/linux/i386] ==> dir [/home/chaolee/Android/Sdk/ndk/27.3.13750724/toolchains/llvm/prebuilt/linux-x86_64/lib/clang/18/lib/linux/i386]
    arg [-L/home/chaolee/Android/Sdk/ndk/27.3.13750724/toolchains/llvm/prebuilt/linux-x86_64/sysroot/usr/lib/i686-linux-android/23] ==> dir [/home/chaolee/Android/Sdk/ndk/27.3.13750724/toolchains/llvm/prebuilt/linux-x86_64/sysroot/usr/lib/i686-linux-android/23]
    arg [-L/home/chaolee/Android/Sdk/ndk/27.3.13750724/toolchains/llvm/prebuilt/linux-x86_64/sysroot/usr/lib/i686-linux-android] ==> dir [/home/chaolee/Android/Sdk/ndk/27.3.13750724/toolchains/llvm/prebuilt/linux-x86_64/sysroot/usr/lib/i686-linux-android]
    arg [-L/home/chaolee/Android/Sdk/ndk/27.3.13750724/toolchains/llvm/prebuilt/linux-x86_64/sysroot/usr/lib] ==> dir [/home/chaolee/Android/Sdk/ndk/27.3.13750724/toolchains/llvm/prebuilt/linux-x86_64/sysroot/usr/lib]
    arg [--build-id=sha1] ==> ignore
    arg [--no-rosegment] ==> ignore
    arg [--no-undefined-version] ==> ignore
    arg [--fatal-warnings] ==> ignore
    arg [--no-undefined] ==> ignore
    arg [CMakeFiles/cmTC_396d2.dir/CMakeCXXCompilerABI.cpp.o] ==> ignore
    arg [-Bstatic] ==> search static
    arg [-lc++] ==> lib [c++]
    arg [-Bdynamic] ==> search dynamic
    arg [-lm] ==> lib [m]
    arg [/home/chaolee/Android/Sdk/ndk/27.3.13750724/toolchains/llvm/prebuilt/linux-x86_64/lib/clang/18/lib/linux/libclang_rt.builtins-i686-android.a] ==> lib [/home/chaolee/Android/Sdk/ndk/27.3.13750724/toolchains/llvm/prebuilt/linux-x86_64/lib/clang/18/lib/linux/libclang_rt.builtins-i686-android.a]
    arg [-l:libunwind.a] ==> lib [-l:libunwind.a]
    arg [-ldl] ==> lib [dl]
    arg [-lc] ==> lib [c]
    arg [/home/chaolee/Android/Sdk/ndk/27.3.13750724/toolchains/llvm/prebuilt/linux-x86_64/lib/clang/18/lib/linux/libclang_rt.builtins-i686-android.a] ==> lib [/home/chaolee/Android/Sdk/ndk/27.3.13750724/toolchains/llvm/prebuilt/linux-x86_64/lib/clang/18/lib/linux/libclang_rt.builtins-i686-android.a]
    arg [-l:libunwind.a] ==> lib [-l:libunwind.a]
    arg [-ldl] ==> lib [dl]
    arg [/home/chaolee/Android/Sdk/ndk/27.3.13750724/toolchains/llvm/prebuilt/linux-x86_64/sysroot/usr/lib/i686-linux-android/23/crtend_android.o] ==> obj [/home/chaolee/Android/Sdk/ndk/27.3.13750724/toolchains/llvm/prebuilt/linux-x86_64/sysroot/usr/lib/i686-linux-android/23/crtend_android.o]
  remove lib [/home/chaolee/Android/Sdk/ndk/27.3.13750724/toolchains/llvm/prebuilt/linux-x86_64/lib/clang/18/lib/linux/libclang_rt.builtins-i686-android.a]
  remove lib [/home/chaolee/Android/Sdk/ndk/27.3.13750724/toolchains/llvm/prebuilt/linux-x86_64/lib/clang/18/lib/linux/libclang_rt.builtins-i686-android.a]
  collapse library dir [/home/chaolee/Android/Sdk/ndk/27.3.13750724/toolchains/llvm/prebuilt/linux-x86_64/lib/clang/18/lib/linux/i386] ==> [/home/chaolee/Android/Sdk/ndk/27.3.13750724/toolchains/llvm/prebuilt/linux-x86_64/lib/clang/18/lib/linux/i386]
  collapse library dir [/home/chaolee/Android/Sdk/ndk/27.3.13750724/toolchains/llvm/prebuilt/linux-x86_64/sysroot/usr/lib/i686-linux-android/23] ==> [/home/chaolee/Android/Sdk/ndk/27.3.13750724/toolchains/llvm/prebuilt/linux-x86_64/sysroot/usr/lib/i686-linux-android/23]
  collapse library dir [/home/chaolee/Android/Sdk/ndk/27.3.13750724/toolchains/llvm/prebuilt/linux-x86_64/sysroot/usr/lib/i686-linux-android] ==> [/home/chaolee/Android/Sdk/ndk/27.3.13750724/toolchains/llvm/prebuilt/linux-x86_64/sysroot/usr/lib/i686-linux-android]
  collapse library dir [/home/chaolee/Android/Sdk/ndk/27.3.13750724/toolchains/llvm/prebuilt/linux-x86_64/sysroot/usr/lib] ==> [/home/chaolee/Android/Sdk/ndk/27.3.13750724/toolchains/llvm/prebuilt/linux-x86_64/sysroot/usr/lib]
  implicit libs: [c++;m;-l:libunwind.a;dl;c;-l:libunwind.a;dl]
  implicit objs: [/home/chaolee/Android/Sdk/ndk/27.3.13750724/toolchains/llvm/prebuilt/linux-x86_64/sysroot/usr/lib/i686-linux-android/23/crtbegin_dynamic.o;/home/chaolee/Android/Sdk/ndk/27.3.13750724/toolchains/llvm/prebuilt/linux-x86_64/sysroot/usr/lib/i686-linux-android/23/crtend_android.o]
  implicit dirs: [/home/chaolee/Android/Sdk/ndk/27.3.13750724/toolchains/llvm/prebuilt/linux-x86_64/lib/clang/18/lib/linux/i386;/home/chaolee/Android/Sdk/ndk/27.3.13750724/toolchains/llvm/prebuilt/linux-x86_64/sysroot/usr/lib/i686-linux-android/23;/home/chaolee/Android/Sdk/ndk/27.3.13750724/toolchains/llvm/prebuilt/linux-x86_64/sysroot/usr/lib/i686-linux-android;/home/chaolee/Android/Sdk/ndk/27.3.13750724/toolchains/llvm/prebuilt/linux-x86_64/sysroot/usr/lib]
  implicit fwks: []


